 win32_graphics

 Timestamp is 65bbdcd3 (Thu Feb  1 20:02:59 2024)

 Preferred load address is 0000000140000000

 Start         Length     Name                   Class
 0001:00000000 00016450H .text$mn                CODE
 0001:00016450 00000040H .text$mn$00             CODE
 0001:00016490 00000a70H .text$mn$21             CODE
 0001:00016f00 00000440H .text$x                 CODE
 0002:00000000 000002d0H .idata$5                DATA
 0002:000002d0 00000038H .00cfg                  DATA
 0002:00000308 00000008H .CRT$XCA                DATA
 0002:00000310 00000008H .CRT$XCAA               DATA
 0002:00000318 00000008H .CRT$XCZ                DATA
 0002:00000320 00000008H .CRT$XIA                DATA
 0002:00000328 00000008H .CRT$XIAA               DATA
 0002:00000330 00000008H .CRT$XIAC               DATA
 0002:00000338 00000020H .CRT$XIC                DATA
 0002:00000358 00000008H .CRT$XIZ                DATA
 0002:00000360 00000008H .CRT$XPA                DATA
 0002:00000368 00000010H .CRT$XPX                DATA
 0002:00000378 00000008H .CRT$XPXA               DATA
 0002:00000380 00000008H .CRT$XPZ                DATA
 0002:00000388 00000008H .CRT$XTA                DATA
 0002:00000390 00000010H .CRT$XTZ                DATA
 0002:00000398 00000000H .gehcont$y              DATA
 0002:00000398 00000000H .gfids$y                DATA
 0002:000003a0 00007e60H .rdata                  DATA
 0002:00008200 00000180H .rdata$00               DATA
 0002:00008380 00000000H .rdata$CastGuardVftablesA DATA
 0002:00008380 00000000H .rdata$CastGuardVftablesC DATA
 0002:00008380 0000016cH .rdata$r                DATA
 0002:000084ec 000003a8H .rdata$voltmd           DATA
 0002:00008894 000003acH .rdata$zzzdbg           DATA
 0002:00008c40 00000008H .rtc$IAA                DATA
 0002:00008c48 00000008H .rtc$IZZ                DATA
 0002:00008c50 00000008H .rtc$TAA                DATA
 0002:00008c58 00000008H .rtc$TZZ                DATA
 0002:00008c60 000010c8H .xdata                  DATA
 0002:00009d28 00000084H .xdata$x                DATA
 0002:00009dac 00000000H .edata                  DATA
 0002:00009dac 0000003cH .idata$2                DATA
 0002:00009de8 00000018H .idata$3                DATA
 0002:00009e00 000002d0H .idata$4                DATA
 0002:0000a0d0 00000654H .idata$6                DATA
 0003:00000000 00000a70H .data                   DATA
 0003:00000a70 00000050H .data$r                 DATA
 0003:00000ac0 00000020H .data$rs                DATA
 0003:00000ae0 00001228H .bss                    DATA
 0004:00000000 000012e4H .pdata                  DATA
 0005:00000000 000001f4H _RDATA                  DATA

  Address         Publics by Value              Rva+Base               Lib:Object

 0000:00000000       __AbsoluteZero             0000000000000000     <absolute>
 0000:00000000       ___safe_se_handler_count   0000000000000000     <absolute>
 0000:00000000       ___safe_se_handler_table   0000000000000000     <absolute>
 0000:00000000       __arm64x_extra_rfe_table   0000000000000000     <absolute>
 0000:00000000       __arm64x_extra_rfe_table_size 0000000000000000     <absolute>
 0000:00000000       __arm64x_native_entrypoint 0000000000000000     <absolute>
 0000:00000000       __arm64x_redirection_metadata 0000000000000000     <absolute>
 0000:00000000       __arm64x_redirection_metadata_count 0000000000000000     <absolute>
 0000:00000000       __dynamic_value_reloc_table 0000000000000000     <absolute>
 0000:00000000       __enclave_config           0000000000000000     <absolute>
 0000:00000000       __guard_check_icall_a64n_fptr 0000000000000000     <absolute>
 0000:00000000       __guard_eh_cont_count      0000000000000000     <absolute>
 0000:00000000       __guard_eh_cont_table      0000000000000000     <absolute>
 0000:00000000       __guard_fids_count         0000000000000000     <absolute>
 0000:00000000       __guard_fids_table         0000000000000000     <absolute>
 0000:00000000       __guard_iat_count          0000000000000000     <absolute>
 0000:00000000       __guard_iat_table          0000000000000000     <absolute>
 0000:00000000       __guard_longjmp_count      0000000000000000     <absolute>
 0000:00000000       __guard_longjmp_table      0000000000000000     <absolute>
 0000:00000000       __hybrid_auxiliary_delayload_iat 0000000000000000     <absolute>
 0000:00000000       __hybrid_auxiliary_delayload_iat_copy 0000000000000000     <absolute>
 0000:00000000       __hybrid_auxiliary_iat     0000000000000000     <absolute>
 0000:00000000       __hybrid_auxiliary_iat_copy 0000000000000000     <absolute>
 0000:00000000       __hybrid_code_map          0000000000000000     <absolute>
 0000:00000000       __hybrid_code_map_count    0000000000000000     <absolute>
 0000:00000000       __hybrid_image_info_bitfield 0000000000000000     <absolute>
 0000:00000000       __x64_code_ranges_to_entry_points 0000000000000000     <absolute>
 0000:00000000       __x64_code_ranges_to_entry_points_count 0000000000000000     <absolute>
 0000:00000100       __guard_flags              0000000000000100     <absolute>
 0000:00000000       __ImageBase                0000000140000000     <linker-defined>
 0001:00000000       WinMain                    0000000140001000 f   win32_graphics.obj
 0001:00002180       ?V2@@YA?ATv2@@M@Z          0000000140003180 f   win32_graphics.obj
 0001:000021e0       ?V2@@YA?ATv2@@MM@Z         00000001400031e0 f   win32_graphics.obj
 0001:00002250       ??H@YA?ATv2@@T0@0@Z        0000000140003250 f   win32_graphics.obj
 0001:000022c0       ??G@YA?ATv2@@T0@0@Z        00000001400032c0 f   win32_graphics.obj
 0001:00002330       ??D@YA?ATv2@@MT0@@Z        0000000140003330 f   win32_graphics.obj
 0001:000023a0       ??D@YA?ATv2@@T0@0@Z        00000001400033a0 f   win32_graphics.obj
 0001:00002410       ??K@YA?ATv2@@T0@M@Z        0000000140003410 f   win32_graphics.obj
 0001:00002480       ??_0@YA?ATv2@@AEAT0@M@Z    0000000140003480 f   win32_graphics.obj
 0001:000024f0       ?V2I@@YA?ATv2i@@MM@Z       00000001400034f0 f   win32_graphics.obj
 0001:00002550       ??H@YA?ATv2i@@T0@0@Z       0000000140003550 f   win32_graphics.obj
 0001:000025c0       ?V3@@YA?ATv3@@MMM@Z        00000001400035c0 f   win32_graphics.obj
 0001:00002660       ??H@YA?ATv3@@T0@0@Z        0000000140003660 f   win32_graphics.obj
 0001:00002720       ??Y@YA?ATv3@@AEAT0@T0@@Z   0000000140003720 f   win32_graphics.obj
 0001:000027f0       ??G@YA?ATv3@@T0@@Z         00000001400037f0 f   win32_graphics.obj
 0001:000028a0       ??G@YA?ATv3@@T0@0@Z        00000001400038a0 f   win32_graphics.obj
 0001:00002960       ??Z@YA?ATv3@@AEAT0@T0@@Z   0000000140003960 f   win32_graphics.obj
 0001:00002a30       ??D@YA?ATv3@@MT0@@Z        0000000140003a30 f   win32_graphics.obj
 0001:00002ae0       ??D@YA?ATv3@@T0@M@Z        0000000140003ae0 f   win32_graphics.obj
 0001:00002b90       ??X@YA?ATv3@@AEAT0@M@Z     0000000140003b90 f   win32_graphics.obj
 0001:00002c50       ??K@YA?ATv3@@T0@M@Z        0000000140003c50 f   win32_graphics.obj
 0001:00002d00       ??_0@YA?ATv3@@AEAT0@M@Z    0000000140003d00 f   win32_graphics.obj
 0001:00002dc0       ?Normalize@@YA?ATv3@@T1@@Z 0000000140003dc0 f   win32_graphics.obj
 0001:00002ee0       ?Lerp@@YA?ATv3@@T1@0M@Z    0000000140003ee0 f   win32_graphics.obj
 0001:00003070       ?V4@@YA?ATv4@@MMMM@Z       0000000140004070 f   win32_graphics.obj
 0001:00003110       ?V4@@YA?ATv4@@Tv3@@M@Z     0000000140004110 f   win32_graphics.obj
 0001:000031a0       ??H@YA?ATv4@@T0@0@Z        00000001400041a0 f   win32_graphics.obj
 0001:00003270       ??D@YA?ATv4@@T0@M@Z        0000000140004270 f   win32_graphics.obj
 0001:00003330       ??D@YA?ATv4@@MT0@@Z        0000000140004330 f   win32_graphics.obj
 0001:000033f0       ??D@YA?ATv4@@Tm4@@T0@@Z    00000001400043f0 f   win32_graphics.obj
 0001:00003710       ??D@YA?ATm4@@T0@0@Z        0000000140004710 f   win32_graphics.obj
 0001:000039d0       ?IdentityM4@@YA?ATm4@@XZ   00000001400049d0 f   win32_graphics.obj
 0001:00003a90       ?ScaleMatrix@@YA?ATm4@@MMM@Z 0000000140004a90 f   win32_graphics.obj
 0001:00003b90       ?RotationMatrix@@YA?ATm4@@MMM@Z 0000000140004b90 f   win32_graphics.obj
 0001:00003f60       ?TranslationMatrix@@YA?ATm4@@MMM@Z 0000000140004f60 f   win32_graphics.obj
 0001:00004070       ?TranslationMatrix@@YA?ATm4@@Tv3@@@Z 0000000140005070 f   win32_graphics.obj
 0001:00004140       ?PerspectiveMatrix@@YA?ATm4@@MMMM@Z 0000000140005140 f   win32_graphics.obj
 0001:000042d0       ?IsBehindPlane@@YAHUclip_vertex@@W4clip_axis@@@Z 00000001400052d0 f   win32_graphics.obj
 0001:000044c0       ?CalculateIntersection@@YA?AUclip_vertex@@U1@0W4clip_axis@@@Z 00000001400054c0 f   win32_graphics.obj
 0001:000049a0       ?ClipPolygonToAxis@@YAXPEAUclip_result@@0W4clip_axis@@@Z 00000001400059a0 f   win32_graphics.obj
 0001:00005260       ?NdcToPixels@@YA?ATv2@@T1@@Z 0000000140006260 f   win32_graphics.obj
 0001:00005350       ?CrossProduct2d@@YAMTv2@@0@Z 0000000140006350 f   win32_graphics.obj
 0001:00005390       ?ColorU32ToRGB@@YA?ATv3@@I@Z 0000000140006390 f   win32_graphics.obj
 0001:00005480       ?ColorRGBToU32@@YAITv3@@@Z 0000000140006480 f   win32_graphics.obj
 0001:00005520       ?DrawTriangle@@YAXUclip_vertex@@00Utexture@@Usampler@@@Z 0000000140006520 f   win32_graphics.obj
 0001:000067b0       ?DrawTriangle@@YAXTv4@@00Tv2@@11Utexture@@Usampler@@@Z 00000001400077b0 f   win32_graphics.obj
 0001:00006ac0       ?Win32WindowsCallBack@@YA_JPEAUHWND__@@I_K_J@Z 0000000140007ac0 f   win32_graphics.obj
 0001:00006b30       ?abs@@YAMM@Z               0000000140007b30 f i win32_graphics.obj
 0001:00006b50       ?cos@@YAMM@Z               0000000140007b50 f i win32_graphics.obj
 0001:00006b70       ?round@@YAMM@Z             0000000140007b70 f i win32_graphics.obj
 0001:00006b90       ?sin@@YAMM@Z               0000000140007b90 f i win32_graphics.obj
 0001:00006bb0       ?sqrt@@YAMM@Z              0000000140007bb0 f i win32_graphics.obj
 0001:00006bd0       ?tan@@YAMM@Z               0000000140007bd0 f i win32_graphics.obj
 0001:00006bf0       fabsf                      0000000140007bf0 f i win32_graphics.obj
 0001:00006c10       __GSHandlerCheck           0000000140007c10 f   LIBCMT:gshandler.obj
 0001:00006c30       __GSHandlerCheckCommon     0000000140007c30 f   LIBCMT:gshandler.obj
 0001:00006ca0       __chkstk                   0000000140007ca0 f   LIBCMT:chkstk.obj
 0001:00006ca0       _alloca_probe              0000000140007ca0 f   LIBCMT:chkstk.obj
 0001:00006d00       __security_check_cookie    0000000140007d00 f   LIBCMT:amdsecgs.obj
 0001:00006f78       WinMainCRTStartup          0000000140007f78 f   LIBCMT:exe_winmain.obj
 0001:00006f8c       __raise_securityfailure    0000000140007f8c f   LIBCMT:gs_report.obj
 0001:00006fc0       __report_gsfailure         0000000140007fc0 f   LIBCMT:gs_report.obj
 0001:00007094       __report_rangecheckfailure 0000000140008094 f   LIBCMT:gs_report.obj
 0001:000070a8       __report_securityfailure   00000001400080a8 f   LIBCMT:gs_report.obj
 0001:00007228       __scrt_acquire_startup_lock 0000000140008228 f   LIBCMT:utility.obj
 0001:00007264       __scrt_initialize_crt      0000000140008264 f   LIBCMT:utility.obj
 0001:000072a0       __scrt_initialize_onexit_tables 00000001400082a0 f   LIBCMT:utility.obj
 0001:0000732c       __scrt_is_nonwritable_in_current_image 000000014000832c f   LIBCMT:utility.obj
 0001:000073c4       __scrt_release_startup_lock 00000001400083c4 f   LIBCMT:utility.obj
 0001:000073e8       __scrt_uninitialize_crt    00000001400083e8 f   LIBCMT:utility.obj
 0001:00007414       _onexit                    0000000140008414 f   LIBCMT:utility.obj
 0001:00007450       atexit                     0000000140008450 f   LIBCMT:utility.obj
 0001:00007468       __security_init_cookie     0000000140008468 f   LIBCMT:gs_support.obj
 0001:00007514       __scrt_exe_initialize_mta  0000000140008514 f   LIBCMT:utility_desktop.obj
 0001:00007514       __scrt_initialize_winrt    0000000140008514 f   LIBCMT:utility_desktop.obj
 0001:00007514       __scrt_stub_for_initialize_mta 0000000140008514 f   LIBCMT:utility_desktop.obj
 0001:00007514       _get_startup_commit_mode   0000000140008514 f   LIBCMT:commit_mode.obj
 0001:00007514       _get_startup_new_mode      0000000140008514 f   LIBCMT:new_mode.obj
 0001:00007514       _get_startup_thread_locale_mode 0000000140008514 f   LIBCMT:thread_locale.obj
 0001:00007514       _matherr                   0000000140008514 f   LIBCMT:matherr.obj
 0001:00007518       _get_startup_argv_mode     0000000140008518 f   LIBCMT:argv_mode.obj
 0001:00007520       _get_startup_file_mode     0000000140008520 f   LIBCMT:file_mode.obj
 0001:00007528       ?__scrt_initialize_type_info@@YAXXZ 0000000140008528 f   LIBCMT:tncleanup.obj
 0001:00007538       __acrt_uninitialize_command_line 0000000140008538 f   libucrt:argv_data.obj
 0001:00007538       _should_initialize_environment 0000000140008538 f   LIBCMT:env_mode.obj
 0001:0000753c       _guard_check_icall_nop     000000014000853c f   LIBCMT:guard_support.obj
 0001:0000753c       _initialize_denormal_control 000000014000853c f   LIBCMT:denormal_control.obj
 0001:0000753c       _initialize_invalid_parameter_handler 000000014000853c f   LIBCMT:invalid_parameter_handler.obj
 0001:00007540       __local_stdio_printf_options 0000000140008540 f i LIBCMT:default_local_stdio_options.obj
 0001:00007548       __local_stdio_scanf_options 0000000140008548 f i LIBCMT:default_local_stdio_options.obj
 0001:00007550       __scrt_initialize_default_local_stdio_options 0000000140008550 f   LIBCMT:default_local_stdio_options.obj
 0001:0000756c       __scrt_is_user_matherr_present 000000014000856c f   LIBCMT:matherr_detection.obj
 0001:00007578       __scrt_get_dyn_tls_init_callback 0000000140008578 f   LIBCMT:dyn_tls_init.obj
 0001:00007580       __scrt_get_dyn_tls_dtor_callback 0000000140008580 f   LIBCMT:dyn_tls_dtor.obj
 0001:00007588       __crt_debugger_hook        0000000140008588 f   LIBCMT:utility_desktop.obj
 0001:00007590       __scrt_fastfail            0000000140008590 f   LIBCMT:utility_desktop.obj
 0001:000076d8       __scrt_get_show_window_mode 00000001400086d8 f   LIBCMT:utility_desktop.obj
 0001:00007714       __scrt_initialize_mta      0000000140008714 f   LIBCMT:utility_desktop.obj
 0001:0000771c       __scrt_is_managed_app      000000014000871c f   LIBCMT:utility_desktop.obj
 0001:00007770       __scrt_set_unhandled_exception_filter 0000000140008770 f   LIBCMT:utility_desktop.obj
 0001:00007780       __scrt_unhandled_exception_filter 0000000140008780 f   LIBCMT:utility_desktop.obj
 0001:000077dc       _RTC_Initialize            00000001400087dc f   LIBCMT:initsect.obj
 0001:00007818       _RTC_Terminate             0000000140008818 f   LIBCMT:initsect.obj
 0001:00007854       __isa_available_init       0000000140008854 f   LIBCMT:cpu_disp.obj
 0001:00007a00       __scrt_is_ucrt_dll_in_use  0000000140008a00 f   LIBCMT:ucrt_detection.obj
 0001:00007a10       __C_specific_handler       0000000140008a10 f   libvcruntime:riscchandler.obj
 0001:00007c28       __vcrt_initialize          0000000140008c28 f   libvcruntime:initialization.obj
 0001:00007c50       __vcrt_uninitialize        0000000140008c50 f   libvcruntime:initialization.obj
 0001:00007c6c       __std_type_info_compare    0000000140008c6c f   libvcruntime:std_type_info.obj
 0001:00007c94       __DestructExceptionObject  0000000140008c94 f   libvcruntime:ehhelpers.obj
 0001:00007d04       ?_CallMemberFunction0@@YAXQEAX0@Z 0000000140008d04 f i libvcruntime:ehhelpers.obj
 0001:00007d08       _IsExceptionObjectToBeDestroyed 0000000140008d08 f   libvcruntime:ehhelpers.obj
 0001:00007d38       __AdjustPointer            0000000140008d38 f   libvcruntime:ehhelpers.obj
 0001:00007d5c       __FrameUnwindFilter        0000000140008d5c f   libvcruntime:ehhelpers.obj
 0001:00007dc4       __current_exception        0000000140008dc4 f   libvcruntime:ehhelpers.obj
 0001:00007dd8       __current_exception_context 0000000140008dd8 f   libvcruntime:ehhelpers.obj
 0001:00007dec       __std_terminate            0000000140008dec f   libvcruntime:ehhelpers.obj
 0001:00007e30       _NLG_Notify                0000000140008e30 f   libvcruntime:notify.obj
 0001:00007e50       __NLG_Dispatch2            0000000140008e50 f   libvcruntime:notify.obj
 0001:00007e60       __NLG_Return2              0000000140008e60 f   libvcruntime:notify.obj
 0001:00007e64       __except_validate_context_record 0000000140008e64 f   libvcruntime:jbcxrval.obj
 0001:00007e9c       __vcrt_freefls             0000000140008e9c f   libvcruntime:per_thread_data.obj
 0001:00007ebc       __vcrt_getptd              0000000140008ebc f   libvcruntime:per_thread_data.obj
 0001:00007ed8       __vcrt_getptd_noexit       0000000140008ed8 f   libvcruntime:per_thread_data.obj
 0001:00007f98       __vcrt_initialize_ptd      0000000140008f98 f   libvcruntime:per_thread_data.obj
 0001:00007fe0       __vcrt_uninitialize_ptd    0000000140008fe0 f   libvcruntime:per_thread_data.obj
 0001:00008004       __vcrt_initialize_locks    0000000140009004 f   libvcruntime:locks.obj
 0001:0000804c       __vcrt_uninitialize_locks  000000014000904c f   libvcruntime:locks.obj
 0001:000081d4       __vcrt_FlsAlloc            00000001400091d4 f   libvcruntime:winapi_downlevel.obj
 0001:0000821c       __vcrt_FlsFree             000000014000921c f   libvcruntime:winapi_downlevel.obj
 0001:00008264       __vcrt_FlsGetValue         0000000140009264 f   libvcruntime:winapi_downlevel.obj
 0001:000082ac       __vcrt_FlsSetValue         00000001400092ac f   libvcruntime:winapi_downlevel.obj
 0001:00008300       __vcrt_InitializeCriticalSectionEx 0000000140009300 f   libvcruntime:winapi_downlevel.obj
 0001:00008364       ??$_CallSETranslator@V__FrameHandler3@@@@YAHPEAUEHExceptionRecord@@PEA_KPEAU_CONTEXT@@PEAU_xDISPATCHER_CONTEXT@@PEBU_s_FuncInfo@@K1H@Z 0000000140009364 f i libvcruntime:risctrnsctrl.obj
 0001:000083b8       ?CatchTryBlock@__FrameHandler3@@SAPEBU_s_TryBlockMapEntry@@PEBU_s_FuncInfo@@H@Z 00000001400093b8 f   libvcruntime:risctrnsctrl.obj
 0001:0000841c       ?ExecutionInCatch@__FrameHandler3@@SA_NPEAU_xDISPATCHER_CONTEXT@@PEBU_s_FuncInfo@@@Z 000000014000941c f   libvcruntime:risctrnsctrl.obj
 0001:00008448       ?FrameUnwindToEmptyState@__FrameHandler3@@SAXPEA_KPEAU_xDISPATCHER_CONTEXT@@PEBU_s_FuncInfo@@@Z 0000000140009448 f   libvcruntime:risctrnsctrl.obj
 0001:000084ac       ?GetEstablisherFrame@__FrameHandler3@@SAPEA_KPEA_KPEAU_xDISPATCHER_CONTEXT@@PEBU_s_FuncInfo@@0@Z 00000001400094ac f   libvcruntime:risctrnsctrl.obj
 0001:0000857c       ?GetRangeOfTrysToCheck@__FrameHandler3@@SA?AU?$pair@Viterator@TryBlockMap@__FrameHandler3@@V123@@std@@AEAVTryBlockMap@1@HPEAU_xDISPATCHER_CONTEXT@@PEBU_s_FuncInfo@@H@Z 000000014000957c f   libvcruntime:risctrnsctrl.obj
 0001:000086b0       ?UnwindNestedFrames@__FrameHandler3@@SAXPEA_KPEAUEHExceptionRecord@@PEAU_CONTEXT@@0PEAXPEBU_s_FuncInfo@@HHPEBU_s_HandlerType@@PEAU_xDISPATCHER_CONTEXT@@E@Z 00000001400096b0 f   libvcruntime:risctrnsctrl.obj
 0001:000087b4       _CreateFrameInfo           00000001400097b4 f   libvcruntime:risctrnsctrl.obj
 0001:000087f0       _FindAndUnlinkFrame        00000001400097f0 f   libvcruntime:risctrnsctrl.obj
 0001:00008844       _GetImageBase              0000000140009844 f   libvcruntime:risctrnsctrl.obj
 0001:00008858       _GetThrowImageBase         0000000140009858 f   libvcruntime:risctrnsctrl.obj
 0001:0000886c       _SetImageBase              000000014000986c f   libvcruntime:risctrnsctrl.obj
 0001:00008884       _SetThrowImageBase         0000000140009884 f   libvcruntime:risctrnsctrl.obj
 0001:0000889c       __CxxFrameHandler3         000000014000989c f   libvcruntime:risctrnsctrl.obj
 0001:00008930       ?GetCurrentState@__FrameHandler3@@SAHPEA_KPEAU_xDISPATCHER_CONTEXT@@PEBU_s_FuncInfo@@@Z 0000000140009930 f   libvcruntime:ehstate.obj
 0001:00008958       ?GetUnwindTryBlock@__FrameHandler3@@SAHPEA_KPEAU_xDISPATCHER_CONTEXT@@PEBU_s_FuncInfo@@@Z 0000000140009958 f   libvcruntime:ehstate.obj
 0001:00008984       ?SetState@__FrameHandler3@@SAXPEA_KPEBU_s_FuncInfo@@H@Z 0000000140009984 f   libvcruntime:ehstate.obj
 0001:00008990       ?SetUnwindTryBlock@__FrameHandler3@@SAXPEA_KPEAU_xDISPATCHER_CONTEXT@@PEBU_s_FuncInfo@@H@Z 0000000140009990 f   libvcruntime:ehstate.obj
 0001:000089cc       ?StateFromControlPc@__FrameHandler3@@SAHPEBU_s_FuncInfo@@PEAU_xDISPATCHER_CONTEXT@@@Z 00000001400099cc f   libvcruntime:ehstate.obj
 0001:000089d4       ?StateFromIp@__FrameHandler3@@SAHPEBU_s_FuncInfo@@PEAU_xDISPATCHER_CONTEXT@@_K@Z 00000001400099d4 f   libvcruntime:ehstate.obj
 0001:00009510       ??$TypeMatchHelper@V__FrameHandler3@@@@YAHPEBU_s_HandlerType@@PEBU_s_CatchableType@@PEBU_s_ThrowInfo@@@Z 000000014000a510 f i libvcruntime:frame.obj
 0001:00009650       ??$__InternalCxxFrameHandler@V__FrameHandler3@@@@YA?AW4_EXCEPTION_DISPOSITION@@PEAUEHExceptionRecord@@PEA_KPEAU_CONTEXT@@PEAU_xDISPATCHER_CONTEXT@@PEBU_s_FuncInfo@@H1E@Z 000000014000a650 f i libvcruntime:frame.obj
 0001:00009888       ??$__InternalCxxFrameHandlerWrapper@V__FrameHandler3@@@@YA?AW4_EXCEPTION_DISPOSITION@@PEAUEHExceptionRecord@@PEA_KPEAU_CONTEXT@@PEAU_xDISPATCHER_CONTEXT@@PEBU_s_FuncInfo@@H1E@Z 000000014000a888 f i libvcruntime:frame.obj
 0001:00009890       ??0bad_exception@std@@QEAA@AEBV01@@Z 000000014000a890 f i libvcruntime:frame.obj
 0001:000098cc       ??0bad_exception@std@@QEAA@XZ 000000014000a8cc f i libvcruntime:frame.obj
 0001:000098ec       ??0exception@std@@QEAA@AEBV01@@Z 000000014000a8ec f i libvcruntime:frame.obj
 0001:00009920       ??1bad_exception@std@@UEAA@XZ 000000014000a920 f i libvcruntime:frame.obj
 0001:00009934       ??_Ebad_exception@std@@UEAAPEAXI@Z 000000014000a934 f i libvcruntime:frame.obj
 0001:00009934       ??_Eexception@std@@UEAAPEAXI@Z 000000014000a934 f i libvcruntime:frame.obj
 0001:00009934       ??_Gbad_exception@std@@UEAAPEAXI@Z 000000014000a934 f i libvcruntime:frame.obj
 0001:00009934       ??_Gexception@std@@UEAAPEAXI@Z 000000014000a934 f i libvcruntime:frame.obj
 0001:00009978       ?CxxCallCatchBlock@__FrameHandler3@@SAPEAXPEAU_EXCEPTION_RECORD@@@Z 000000014000a978 f   libvcruntime:frame.obj
 0001:00009be8       ?FrameUnwindToState@__FrameHandler3@@SAXPEA_KPEAU_xDISPATCHER_CONTEXT@@PEBU_s_FuncInfo@@H@Z 000000014000abe8 f   libvcruntime:frame.obj
 0001:00009d74       ?GetHandlerSearchState@__FrameHandler3@@SAHPEA_KPEAU_xDISPATCHER_CONTEXT@@PEBU_s_FuncInfo@@@Z 000000014000ad74 f i libvcruntime:frame.obj
 0001:00009f84       ?_CallMemberFunction1@@YAXQEAX00@Z 000000014000af84 f i libvcruntime:frame.obj
 0001:00009f90       ?_CallMemberFunction2@@YAXQEAX00H@Z 000000014000af90 f i libvcruntime:frame.obj
 0001:00009fa0       ?what@exception@std@@UEBAPEBDXZ 000000014000afa0 f i libvcruntime:frame.obj
 0001:0000a000       _CallSettingFrame          000000014000b000 f   libvcruntime:handlers.obj
 0001:0000a040       __std_exception_copy       000000014000b040 f   libvcruntime:std_exception.obj
 0001:0000a0d0       __std_exception_destroy    000000014000b0d0 f   libvcruntime:std_exception.obj
 0001:0000a0f8       _CxxThrowException         000000014000b0f8 f   libvcruntime:throw.obj
 0001:0000a1b0       memcpy_avx_ermsb_Intel     000000014000b1b0 f   libvcruntime:memcpy_avx_ermsb_aligned.obj
 0001:0000a5e0       memcpy_avx_ermsb_amd       000000014000b5e0 f   libvcruntime:memcpy_avx_ermsb_aligned_amd.obj
 0001:0000aa10       memcpy_sse2_ermsb_Intel    000000014000ba10 f   libvcruntime:memcpy_sse2_ermsb_aligned.obj
 0001:0000acc0       memcpy_sse2_ermsb_amd      000000014000bcc0 f   libvcruntime:memcpy_sse2_ermsb_aligned_amd.obj
 0001:0000af70       memcpy_repmovs_Intel       000000014000bf70 f   libvcruntime:memcpy_repmovs.obj
 0001:0000af90       memcpy_CopyDown_Intel      000000014000bf90 f   libvcruntime:memcpy_CopyDown.obj
 0001:0000b080       memcpy_repmovs_amd         000000014000c080 f   libvcruntime:memcpy_repmovs_amd.obj
 0001:0000b0a0       memcpy_CopyDown_amd        000000014000c0a0 f   libvcruntime:memcpy_CopyDown_amd.obj
 0001:0000b180       free                       000000014000c180 f   libucrt:free.obj
 0001:0000b194       malloc                     000000014000c194 f   libucrt:malloc.obj
 0001:0000b19c       fabs                       000000014000c19c f   libucrt:fabs.obj
 0001:0000b1b0       cosf                       000000014000c1b0 f   libucrt:cosf.obj
 0001:0000b6b0       floorf                     000000014000c6b0 f   libucrt:floorf.obj
 0001:0000b730       sinf                       000000014000c730 f   libucrt:sinf.obj
 0001:0000be28       sqrtf                      000000014000ce28 f   libucrt:sqrtf.obj
 0001:0000bed0       tanf                       000000014000ced0 f   libucrt:tanf.obj
 0001:0000c544       roundf                     000000014000d544 f   libucrt:roundf.obj
 0001:0000c5ac       _seh_filter_exe            000000014000d5ac f   libucrt:exception_filter.obj
 0001:0000c730       _query_app_type            000000014000d730 f   libucrt:report_runtime_error.obj
 0001:0000c738       _set_app_type              000000014000d738 f   libucrt:report_runtime_error.obj
 0001:0000c740       __acrt_has_user_matherr    000000014000d740 f   libucrt:matherr.obj
 0001:0000c760       __acrt_initialize_user_matherr 000000014000d760 f   libucrt:matherr.obj
 0001:0000c768       __acrt_invoke_user_matherr 000000014000d768 f   libucrt:matherr.obj
 0001:0000c7a4       __setusermatherr           000000014000d7a4 f   libucrt:matherr.obj
 0001:0000c994       __acrt_allocate_buffer_for_argv 000000014000d994 f   libucrt:argv_parsing.obj
 0001:0000c9f4       _configure_narrow_argv     000000014000d9f4 f   libucrt:argv_parsing.obj
 0001:0000cd7c       __dcrt_uninitialize_environments_nolock 000000014000dd7c f   libucrt:environment_initialization.obj
 0001:0000cdc0       _initialize_narrow_environment 000000014000ddc0 f   libucrt:environment_initialization.obj
 0001:0000cdc8       _get_narrow_winmain_command_line 000000014000ddc8 f   libucrt:argv_winmain.obj
 0001:0000ce38       _initterm                  000000014000de38 f   libucrt:initterm.obj
 0001:0000ce7c       _initterm_e                000000014000de7c f   libucrt:initterm.obj
 0001:0000d158       __acrt_initialize_thread_local_exit_callback 000000014000e158 f   libucrt:exit.obj
 0001:0000d160       _c_exit                    000000014000e160 f   libucrt:exit.obj
 0001:0000d170       _cexit                     000000014000e170 f   libucrt:exit.obj
 0001:0000d180       _exit                      000000014000e180 f   libucrt:exit.obj
 0001:0000d18c       _register_thread_local_exe_atexit_callback 000000014000e18c f   libucrt:exit.obj
 0001:0000d1cc       exit                       000000014000e1cc f   libucrt:exit.obj
 0001:0000d1d8       _set_fmode                 000000014000e1d8 f   libucrt:setmode.obj
 0001:0000d288       __acrt_set_locale_changed  000000014000e288 f   libucrt:wsetlocale.obj
 0001:0000d294       __acrt_uninitialize_locale 000000014000e294 f   libucrt:wsetlocale.obj
 0001:0000d2c4       _configthreadlocale        000000014000e2c4 f   libucrt:wsetlocale.obj
 0001:0000d330       _query_new_mode            000000014000e330 f   libucrt:new_mode.obj
 0001:0000d338       _set_new_mode              000000014000e338 f   libucrt:new_mode.obj
 0001:0000d364       __p__commode               000000014000e364 f   libucrt:ncommode.obj
 0001:0000d6b4       _crt_atexit                000000014000e6b4 f   libucrt:onexit.obj
 0001:0000d6c4       _execute_onexit_table      000000014000e6c4 f   libucrt:onexit.obj
 0001:0000d708       _initialize_onexit_table   000000014000e708 f   libucrt:onexit.obj
 0001:0000d730       _register_onexit_function  000000014000e730 f   libucrt:onexit.obj
 0001:0000d8a4       __acrt_initialize          000000014000e8a4 f   libucrt:initialization.obj
 0001:0000d8b8       __acrt_uninitialize        000000014000e8b8 f   libucrt:initialization.obj
 0001:0000d8f0       terminate                  000000014000e8f0 f   libucrt:terminate.obj
 0001:0000d91c       strcpy_s                   000000014000e91c f   libucrt:strcpy_s.obj
 0001:0000d97c       abort                      000000014000e97c f   libucrt:abort.obj
 0001:0000d9d4       calloc                     000000014000e9d4 f   libucrt:calloc.obj
 0001:0000d9e0       ?get_raw_ptd@__crt_cached_ptd_host@@QEAAPEAU__acrt_ptd@@XZ 000000014000e9e0 f i libucrt:output.obj
 0001:0000da50       ?update_locale_slow@__crt_cached_ptd_host@@AEAAXXZ 000000014000ea50 f i libucrt:output.obj
 0001:0000dae0       strncmp                    000000014000eae0 f   libucrt:strncmp.obj
 0001:0000db60       wcsncmp                    000000014000eb60 f   libucrt:wcsncmp.obj
 0001:0000db8c       _free_base                 000000014000eb8c f   libucrt:free_base.obj
 0001:0000dbc8       _malloc_base               000000014000ebc8 f   libucrt:malloc_base.obj
 0001:0000dc30       __remainder_piby2d2f_forAsm 000000014000ec30 f   libucrt:remainder_piby2f_forasm.obj
 0001:0000dd80       __remainder_piby2_fma3     000000014000ed80 f   libucrt:remainder_piby2_forfma3.obj
 0001:0000df70       __remainder_piby2_fma3_bdl 000000014000ef70 f   libucrt:remainder_piby2_forfma3.obj
 0001:0000dfe8       _cosf_special              000000014000efe8 f   libucrt:sincos_special.obj
 0001:0000e088       _sinf_special              000000014000f088 f   libucrt:sincos_special.obj
 0001:0000e09c       _tanf_special              000000014000f09c f   libucrt:sincos_special.obj
 0001:0000e0b0       _clrfp                     000000014000f0b0 f   libucrt:fpctrl.obj
 0001:0000e0d0       _ctrlfp                    000000014000f0d0 f   libucrt:fpctrl.obj
 0001:0000e14c       _set_statfp                000000014000f14c f   libucrt:fpctrl.obj
 0001:0000e16c       _statfp                    000000014000f16c f   libucrt:fpctrl.obj
 0001:0000e180       __acrt_initialize_fma3     000000014000f180 f   libucrt:fma3_available.obj
 0001:0000e314       _handle_error              000000014000f314 f   libucrt:libm_error.obj
 0001:0000e43c       _handle_errorf             000000014000f43c f   libucrt:libm_error.obj
 0001:0000e570       _handle_nanf               000000014000f570 f   libucrt:libm_error.obj
 0001:0000e580       __remainder_piby2d2f_forC  000000014000f580 f   libucrt:remainder_piby2f_forc.obj
 0001:0000e70c       _fd_int                    000000014000f70c f   libucrt:_test.obj
 0001:0000eb5c       __acrt_getptd              000000014000fb5c f   libucrt:per_thread_data.obj
 0001:0000ec30       __acrt_getptd_head         000000014000fc30 f   libucrt:per_thread_data.obj
 0001:0000ecd4       __acrt_getptd_noexit       000000014000fcd4 f   libucrt:per_thread_data.obj
 0001:0000ed9c       __acrt_getptd_noexit_explicit 000000014000fd9c f   libucrt:per_thread_data.obj
 0001:0000ee5c       __acrt_initialize_ptd      000000014000fe5c f   libucrt:per_thread_data.obj
 0001:0000ee98       __acrt_uninitialize_ptd    000000014000fe98 f   libucrt:per_thread_data.obj
 0001:0000eebc       ?get_raw_ptd_noexit@__crt_cached_ptd_host@@QEAAPEAU__acrt_ptd@@XZ 000000014000febc f i libucrt:invalid_parameter.obj
 0001:0000ef28       ?value@?$dual_state_global@P6AXPEB_W00I_K@Z@__crt_state_management@@QEAAAEAP6AXPEB_W00I_K@ZAEAV__crt_cached_ptd_host@@@Z 000000014000ff28 f i libucrt:invalid_parameter.obj
 0001:0000ef74       __acrt_call_reportfault    000000014000ff74 f   libucrt:invalid_parameter.obj
 0001:0000f0d0       __acrt_initialize_invalid_parameter_handler 00000001400100d0 f   libucrt:invalid_parameter.obj
 0001:0000f0d8       _invalid_parameter         00000001400100d8 f   libucrt:invalid_parameter.obj
 0001:0000f174       _invalid_parameter_internal 0000000140010174 f   libucrt:invalid_parameter.obj
 0001:0000f240       _invalid_parameter_noinfo  0000000140010240 f   libucrt:invalid_parameter.obj
 0001:0000f260       _invoke_watson             0000000140010260 f   libucrt:invalid_parameter.obj
 0001:0000f2a8       __acrt_errno_from_os_error 00000001400102a8 f   libucrt:errno.obj
 0001:0000f2f0       __acrt_errno_map_os_error  00000001400102f0 f   libucrt:errno.obj
 0001:0000f338       __acrt_errno_map_os_error_ptd 0000000140010338 f   libucrt:errno.obj
 0001:0000f35c       __doserrno                 000000014001035c f   libucrt:errno.obj
 0001:0000f37c       _errno                     000000014001037c f   libucrt:errno.obj
 0001:0000f39c       _calloc_base               000000014001039c f   libucrt:calloc_base.obj
 0001:0000f428       ??$__acrt_convert_wcs_mbs_cp@D_WV<lambda_7c9dea7b4ca7285d2cdb541a38da6275>@@U__crt_win32_buffer_internal_dynamic_resizing@@@@YAHQEBDAEAV?$__crt_win32_buffer@_WU__crt_win32_buffer_internal_dynamic_resizing@@@@AEBV<lambda_7c9dea7b4ca7285d2cdb541a38da6275>@@I@Z 0000000140010428 f i libucrt:argv_wildcards.obj
 0001:0000f5a4       ??$__acrt_convert_wcs_mbs_cp@_WDV<lambda_d8593a27d1aa8c02be35c86a17d324c4>@@U__crt_win32_buffer_internal_dynamic_resizing@@@@YAHQEB_WAEAV?$__crt_win32_buffer@DU__crt_win32_buffer_internal_dynamic_resizing@@@@AEBV<lambda_d8593a27d1aa8c02be35c86a17d324c4>@@I@Z 00000001400105a4 f i libucrt:argv_wildcards.obj
 0001:0000fe48       ??0_LocaleUpdate@@QEAA@QEAU__crt_locale_pointers@@@Z 0000000140010e48 f i libucrt:argv_wildcards.obj
 0001:0000fee4       __acrt_expand_narrow_argv_wildcards 0000000140010ee4 f   libucrt:argv_wildcards.obj
 0001:0000feec       ??$__acrt_convert_wcs_mbs_cp@_WDV<lambda_f788ae46380686e8b737efdd8c720d07>@@U__crt_win32_buffer_no_resizing@@@@YAHQEB_WAEAV?$__crt_win32_buffer@DU__crt_win32_buffer_no_resizing@@@@AEBV<lambda_f788ae46380686e8b737efdd8c720d07>@@I@Z 0000000140010eec f i libucrt:getmodulefilenamea.obj
 0001:00010008       __acrt_GetModuleFileNameA  0000000140011008 f   libucrt:getmodulefilenamea.obj
 0001:00010924       __acrt_initialize_multibyte 0000000140011924 f   libucrt:mbctype.obj
 0001:00010984       __acrt_update_thread_multibyte_data 0000000140011984 f   libucrt:mbctype.obj
 0001:000109a0       _setmbcp_nolock            00000001400119a0 f   libucrt:mbctype.obj
 0001:00010cd4       _ismbblead                 0000000140011cd4 f   libucrt:ismbbyte.obj
 0001:00010ce8       __acrt_initialize_command_line 0000000140011ce8 f   libucrt:argv_data.obj
 0001:00010d10       __acrt_MultiByteToWideChar 0000000140011d10 f   libucrt:multibytetowidechar.obj
 0001:00010da0       __acrt_WideCharToMultiByte 0000000140011da0 f   libucrt:widechartomultibyte.obj
 0001:00010e80       __dcrt_get_narrow_environment_from_os 0000000140011e80 f   libucrt:get_environment_from_os.obj
 0001:00010f90       __acrt_initialize_locks    0000000140011f90 f   libucrt:locks.obj
 0001:00010fd8       __acrt_lock                0000000140011fd8 f   libucrt:locks.obj
 0001:00010ff4       __acrt_uninitialize_locks  0000000140011ff4 f   libucrt:locks.obj
 0001:0001102c       __acrt_unlock              000000014001202c f   libucrt:locks.obj
 0001:00011048       __acrt_app_verifier_enabled 0000000140012048 f   libucrt:peb_access.obj
 0001:00011064       __acrt_is_secure_process   0000000140012064 f   libucrt:peb_access.obj
 0001:0001107c       __acrt_get_process_end_policy 000000014001207c f   libucrt:win_policies.obj
 0001:000110ac       __acrt_lowio_create_handle_array 00000001400120ac f   libucrt:osfinfo.obj
 0001:00011154       __acrt_lowio_destroy_handle_array 0000000140012154 f   libucrt:osfinfo.obj
 0001:000111a4       __acrt_lowio_ensure_fh_exists 00000001400121a4 f   libucrt:osfinfo.obj
 0001:0001124c       __acrt_lowio_lock_fh       000000014001224c f   libucrt:osfinfo.obj
 0001:00011274       __acrt_lowio_unlock_fh     0000000140012274 f   libucrt:osfinfo.obj
 0001:0001129c       _free_osfhnd               000000014001229c f   libucrt:osfinfo.obj
 0001:00011358       _get_osfhandle             0000000140012358 f   libucrt:osfinfo.obj
 0001:000113d0       __acrt_initialize_fmode    00000001400123d0 f   libucrt:txtmode.obj
 0001:000115e4       __acrt_initialize_lowio    00000001400125e4 f   libucrt:ioinit.obj
 0001:00011620       __acrt_uninitialize_lowio  0000000140012620 f   libucrt:ioinit.obj
 0001:00011660       __acrt_locale_free_monetary 0000000140012660 f   libucrt:initmon.obj
 0001:0001176c       __acrt_locale_free_numeric 000000014001276c f   libucrt:initnum.obj
 0001:0001180c       __acrt_locale_free_time    000000014001280c f   libucrt:inittime.obj
 0001:00011914       __acrt_GetStringTypeA      0000000140012914 f   libucrt:getstringtypea.obj
 0001:00011aa4       __acrt_add_locale_ref      0000000140012aa4 f   libucrt:locale_refcounting.obj
 0001:00011b30       __acrt_free_locale         0000000140012b30 f   libucrt:locale_refcounting.obj
 0001:00011ca8       __acrt_locale_add_lc_time_reference 0000000140012ca8 f   libucrt:locale_refcounting.obj
 0001:00011cd0       __acrt_locale_free_lc_time_if_unreferenced 0000000140012cd0 f   libucrt:locale_refcounting.obj
 0001:00011d08       __acrt_locale_release_lc_time_reference 0000000140012d08 f   libucrt:locale_refcounting.obj
 0001:00011d30       __acrt_release_locale_ref  0000000140012d30 f   libucrt:locale_refcounting.obj
 0001:00011dd8       __acrt_update_thread_locale_data 0000000140012dd8 f   libucrt:locale_refcounting.obj
 0001:00011e48       _updatetlocinfoEx_nolock   0000000140012e48 f   libucrt:locale_refcounting.obj
 0001:0001206c       __acrt_AppPolicyGetProcessTerminationMethodInternal 000000014001306c f   libucrt:winapi_thunks.obj
 0001:000120c4       __acrt_AreFileApisANSI     00000001400130c4 f   libucrt:winapi_thunks.obj
 0001:00012108       __acrt_FlsAlloc            0000000140013108 f   libucrt:winapi_thunks.obj
 0001:00012110       __acrt_FlsFree             0000000140013110 f   libucrt:winapi_thunks.obj
 0001:00012118       __acrt_FlsGetValue         0000000140013118 f   libucrt:winapi_thunks.obj
 0001:00012120       __acrt_FlsSetValue         0000000140013120 f   libucrt:winapi_thunks.obj
 0001:00012128       __acrt_InitializeCriticalSectionEx 0000000140013128 f   libucrt:winapi_thunks.obj
 0001:00012198       __acrt_LCMapStringEx       0000000140013198 f   libucrt:winapi_thunks.obj
 0001:00012284       __acrt_LocaleNameToLCID    0000000140013284 f   libucrt:winapi_thunks.obj
 0001:000122e4       __acrt_initialize_winapi_thunks 00000001400132e4 f   libucrt:winapi_thunks.obj
 0001:00012308       __acrt_uninitialize_winapi_thunks 0000000140013308 f   libucrt:winapi_thunks.obj
 0001:0001234c       _recalloc_base             000000014001334c f   libucrt:recalloc.obj
 0001:000123e4       __acrt_initialize_heap     00000001400133e4 f   libucrt:heap_handle.obj
 0001:00012400       __acrt_uninitialize_heap   0000000140013400 f   libucrt:heap_handle.obj
 0001:0001240c       __acrt_execute_initializers 000000014001340c f   libucrt:shared_initialization.obj
 0001:000124a0       __acrt_execute_uninitializers 00000001400134a0 f   libucrt:shared_initialization.obj
 0001:000124e8       __acrt_initialize_new_handler 00000001400134e8 f   libucrt:new_handler.obj
 0001:000124f0       _callnewh                  00000001400134f0 f   libucrt:new_handler.obj
 0001:00012530       _query_new_handler         0000000140013530 f   libucrt:new_handler.obj
 0001:000125b0       __acrt_get_sigabrt_handler 00000001400135b0 f   libucrt:signal.obj
 0001:000125e0       __acrt_initialize_signal_handlers 00000001400135e0 f   libucrt:signal.obj
 0001:00012600       raise                      0000000140013600 f   libucrt:signal.obj
 0001:00012a5c       __acrt_stdio_flush_nolock  0000000140013a5c f   libucrt:fflush.obj
 0001:00012ae8       _fflush_nolock             0000000140013ae8 f   libucrt:fflush.obj
 0001:00012bbc       _flushall                  0000000140013bbc f   libucrt:fflush.obj
 0001:00012bc4       __acrt_initialize_stdio    0000000140013bc4 f   libucrt:_file.obj
 0001:00012ce4       __acrt_uninitialize_stdio  0000000140013ce4 f   libucrt:_file.obj
 0001:00012d40       _lock_file                 0000000140013d40 f   libucrt:_file.obj
 0001:00012d4c       _unlock_file               0000000140013d4c f   libucrt:_file.obj
 0001:00012d58       __acrt_update_locale_info  0000000140013d58 f   libucrt:locale_update.obj
 0001:00012d8c       __acrt_update_locale_info_explicit 0000000140013d8c f   libucrt:locale_update.obj
 0001:00012dc4       __acrt_update_multibyte_info 0000000140013dc4 f   libucrt:locale_update.obj
 0001:00012df8       __acrt_update_multibyte_info_explicit 0000000140013df8 f   libucrt:locale_update.obj
 0001:00012e30       _mbtowc_internal           0000000140013e30 f   libucrt:mbtowc.obj
 0001:00012fa8       _fileno                    0000000140013fa8 f   libucrt:fileno.obj
 0001:00012fe0       _get_fpsr                  0000000140013fe0 f   libucrt:fpsr.obj
 0001:00012ff0       _set_fpsr                  0000000140013ff0 f   libucrt:fpsr.obj
 0001:00012ffa       _fclrf                     0000000140013ffa f   libucrt:fpsr.obj
 0001:0001300e       _frnd                      000000014001400e f   libucrt:fpsr.obj
 0001:00013030       _raise_exc                 0000000140014030 f   libucrt:fpexcept.obj
 0001:00013058       _raise_exc_ex              0000000140014058 f   libucrt:fpexcept.obj
 0001:00013360       _raise_excf                0000000140014360 f   libucrt:fpexcept.obj
 0001:0001338c       _set_errno_from_matherr    000000014001438c f   libucrt:fpexcept.obj
 0001:000133c0       qsort                      00000001400143c0 f   libucrt:qsort.obj
 0001:000137d0       strncpy_s                  00000001400147d0 f   libucrt:strncpy_s.obj
 0001:00013960       strpbrk                    0000000140014960 f   libucrt:strpbrk.obj
 0001:00013d28       _mbsdec                    0000000140014d28 f   libucrt:mbsdec.obj
 0001:00013d30       _mbsdec_l                  0000000140014d30 f   libucrt:mbsdec.obj
 0001:000140f8       __acrt_LCMapStringA        00000001400150f8 f   libucrt:lcmapstringa.obj
 0001:000141a8       __ascii_wcsnicmp           00000001400151a8 f   libucrt:wcsnicmp.obj
 0001:000141f4       __acrt_DownlevelLocaleNameToLCID 00000001400151f4 f   libucrt:lcidtoname_downlevel.obj
 0001:00014298       _msize_base                0000000140015298 f   libucrt:msize.obj
 0001:000142d4       _realloc_base              00000001400152d4 f   libucrt:realloc_base.obj
 0001:000143dc       _commit                    00000001400153dc f   libucrt:commit.obj
 0001:00014c78       _write_internal            0000000140015c78 f   libucrt:write.obj
 0001:00014d98       _write_nolock              0000000140015d98 f   libucrt:write.obj
 0001:000150a0       _fcloseall                 00000001400160a0 f   libucrt:closeall.obj
 0001:00015154       __acrt_stdio_free_buffer_nolock 0000000140016154 f   libucrt:_freebuf.obj
 0001:00015198       _isatty                    0000000140016198 f   libucrt:isatty.obj
 0001:000151f8       ?__mbrtowc_utf8@__crt_mbstring@@YA_KPEA_WPEBD_KPEAU_Mbstatet@@AEAV__crt_cached_ptd_host@@@Z 00000001400161f8 f   libucrt:mbrtowc.obj
 0001:0001523c       ?__mbsrtowcs_utf8@__crt_mbstring@@YA_KPEA_WPEAPEBD_KPEAU_Mbstatet@@AEAV__crt_cached_ptd_host@@@Z 000000014001623c f   libucrt:mbrtowc.obj
 0001:000153e0       __strncnt                  00000001400163e0 f   libucrt:strncnt.obj
 0001:000154a4       _lseeki64_nolock_internal  00000001400164a4 f   libucrt:lseek.obj
 0001:000154ac       _putwch_nolock             00000001400164ac f   libucrt:putwch.obj
 0001:0001560c       fclose                     000000014001660c f   libucrt:fclose.obj
 0001:000156b0       log10                      00000001400166b0 f   libucrt:log10.obj
 0001:00015c5c       ?reset_and_return@__crt_mbstring@@YA_K_KPEAU_Mbstatet@@@Z 0000000140016c5c f   libucrt:common_utf8.obj
 0001:00015c64       ?return_illegal_sequence@__crt_mbstring@@YA_KPEAU_Mbstatet@@AEAV__crt_cached_ptd_host@@@Z 0000000140016c64 f   libucrt:common_utf8.obj
 0001:00015c78       ?__mbrtoc32_utf8@__crt_mbstring@@YA_KPEA_UPEBD_KPEAU_Mbstatet@@AEAV__crt_cached_ptd_host@@@Z 0000000140016c78 f   libucrt:mbrtoc32.obj
 0001:00015e54       __dcrt_lowio_ensure_console_output_initialized 0000000140016e54 f   libucrt:initcon.obj
 0001:00015ea8       __dcrt_terminate_console_output 0000000140016ea8 f   libucrt:initcon.obj
 0001:00015ec4       __dcrt_write_console       0000000140016ec4 f   libucrt:initcon.obj
 0001:00015ffc       _close_internal            0000000140016ffc f   libucrt:close.obj
 0001:000160c0       _close_nolock_internal     00000001400170c0 f   libucrt:close.obj
 0001:00016190       ?__acrt_stdio_free_stream@@YAXV__crt_stdio_stream@@@Z 0000000140017190 f   libucrt:stream.obj
 0001:000161b0       _log10_special             00000001400171b0 f   libucrt:log_special.obj
 0001:00016270       _FindPESection             0000000140017270 f   LIBCMT:pesect.obj
 0001:000162c0       _IsNonwritableInCurrentImage 00000001400172c0 f   LIBCMT:pesect.obj
 0001:00016310       _ValidateImageBase         0000000140017310 f   LIBCMT:pesect.obj
 0001:0001633c       ??_Etype_info@@UEAAPEAXI@Z 000000014001733c f i LIBCMT:std_type_info_static.obj
 0001:0001633c       ??_Gtype_info@@UEAAPEAXI@Z 000000014001733c f i LIBCMT:std_type_info_static.obj
 0001:00016368       ??3@YAXPEAX_K@Z            0000000140017368 f   LIBCMT:delete_scalar_size.obj
 0001:00016370       __GSHandlerCheck_EH        0000000140017370 f   LIBCMT:gshandlereh.obj
 0001:000163f0       ??3@YAXPEAX@Z              00000001400173f0 f   LIBCMT:delete_scalar.obj
 0001:00016400       __C_specific_handler_noexcept 0000000140017400 f   libvcruntime:chandler_noexcept.obj
 0001:00016460       _guard_dispatch_icall_nop  0000000140017460 f   LIBCMT:guard_dispatch.obj
 0001:00016480       _guard_xfg_dispatch_icall_nop 0000000140017480 f   LIBCMT:guard_xfg_dispatch.obj
 0001:000164b0       memset_repstos             00000001400174b0 f   libvcruntime:memset.obj
 0001:000164c0       memset                     00000001400174c0 f   libvcruntime:memset.obj
 0001:00016870       memcpy_repmovs             0000000140017870 f   libvcruntime:memcpy.obj
 0001:00016880       memcpy                     0000000140017880 f   libvcruntime:memcpy.obj
 0001:00016880       memcpy_$fo_default$        0000000140017880     libvcruntime:memcpy.obj
 0001:00016880       memmove                    0000000140017880 f   libvcruntime:memcpy.obj
 0002:00000000       __imp_StretchDIBits        0000000140019000     gdi32:GDI32.dll
 0002:00000008       \177GDI32_NULL_THUNK_DATA  0000000140019008     gdi32:GDI32.dll
 0002:00000010       __imp_CloseHandle          0000000140019010     kernel32:KERNEL32.dll
 0002:00000018       __imp_CreateFileW          0000000140019018     kernel32:KERNEL32.dll
 0002:00000020       __imp_SetFilePointerEx     0000000140019020     kernel32:KERNEL32.dll
 0002:00000028       __imp_WriteConsoleW        0000000140019028     kernel32:KERNEL32.dll
 0002:00000030       __imp_GetConsoleMode       0000000140019030     kernel32:KERNEL32.dll
 0002:00000038       __imp_GetConsoleOutputCP   0000000140019038     kernel32:KERNEL32.dll
 0002:00000040       __imp_FlushFileBuffers     0000000140019040     kernel32:KERNEL32.dll
 0002:00000048       __imp_HeapReAlloc          0000000140019048     kernel32:KERNEL32.dll
 0002:00000050       __imp_HeapSize             0000000140019050     kernel32:KERNEL32.dll
 0002:00000058       __imp_GetStdHandle         0000000140019058     kernel32:KERNEL32.dll
 0002:00000060       __imp_OutputDebugStringA   0000000140019060     kernel32:KERNEL32.dll
 0002:00000068       __imp_QueryPerformanceCounter 0000000140019068     kernel32:KERNEL32.dll
 0002:00000070       __imp_QueryPerformanceFrequency 0000000140019070     kernel32:KERNEL32.dll
 0002:00000078       __imp_RtlCaptureContext    0000000140019078     kernel32:KERNEL32.dll
 0002:00000080       __imp_RtlLookupFunctionEntry 0000000140019080     kernel32:KERNEL32.dll
 0002:00000088       __imp_RtlVirtualUnwind     0000000140019088     kernel32:KERNEL32.dll
 0002:00000090       __imp_UnhandledExceptionFilter 0000000140019090     kernel32:KERNEL32.dll
 0002:00000098       __imp_SetUnhandledExceptionFilter 0000000140019098     kernel32:KERNEL32.dll
 0002:000000a0       __imp_GetCurrentProcess    00000001400190a0     kernel32:KERNEL32.dll
 0002:000000a8       __imp_TerminateProcess     00000001400190a8     kernel32:KERNEL32.dll
 0002:000000b0       __imp_IsProcessorFeaturePresent 00000001400190b0     kernel32:KERNEL32.dll
 0002:000000b8       __imp_GetCurrentProcessId  00000001400190b8     kernel32:KERNEL32.dll
 0002:000000c0       __imp_GetCurrentThreadId   00000001400190c0     kernel32:KERNEL32.dll
 0002:000000c8       __imp_GetSystemTimeAsFileTime 00000001400190c8     kernel32:KERNEL32.dll
 0002:000000d0       __imp_InitializeSListHead  00000001400190d0     kernel32:KERNEL32.dll
 0002:000000d8       __imp_IsDebuggerPresent    00000001400190d8     kernel32:KERNEL32.dll
 0002:000000e0       __imp_GetStartupInfoW      00000001400190e0     kernel32:KERNEL32.dll
 0002:000000e8       __imp_GetModuleHandleW     00000001400190e8     kernel32:KERNEL32.dll
 0002:000000f0       __imp_GetProcessHeap       00000001400190f0     kernel32:KERNEL32.dll
 0002:000000f8       __imp_RtlUnwindEx          00000001400190f8     kernel32:KERNEL32.dll
 0002:00000100       __imp_GetLastError         0000000140019100     kernel32:KERNEL32.dll
 0002:00000108       __imp_SetLastError         0000000140019108     kernel32:KERNEL32.dll
 0002:00000110       __imp_EnterCriticalSection 0000000140019110     kernel32:KERNEL32.dll
 0002:00000118       __imp_LeaveCriticalSection 0000000140019118     kernel32:KERNEL32.dll
 0002:00000120       __imp_DeleteCriticalSection 0000000140019120     kernel32:KERNEL32.dll
 0002:00000128       __imp_InitializeCriticalSectionAndSpinCount 0000000140019128     kernel32:KERNEL32.dll
 0002:00000130       __imp_TlsAlloc             0000000140019130     kernel32:KERNEL32.dll
 0002:00000138       __imp_TlsGetValue          0000000140019138     kernel32:KERNEL32.dll
 0002:00000140       __imp_TlsSetValue          0000000140019140     kernel32:KERNEL32.dll
 0002:00000148       __imp_TlsFree              0000000140019148     kernel32:KERNEL32.dll
 0002:00000150       __imp_FreeLibrary          0000000140019150     kernel32:KERNEL32.dll
 0002:00000158       __imp_GetProcAddress       0000000140019158     kernel32:KERNEL32.dll
 0002:00000160       __imp_LoadLibraryExW       0000000140019160     kernel32:KERNEL32.dll
 0002:00000168       __imp_EncodePointer        0000000140019168     kernel32:KERNEL32.dll
 0002:00000170       __imp_RaiseException       0000000140019170     kernel32:KERNEL32.dll
 0002:00000178       __imp_RtlPcToFileHeader    0000000140019178     kernel32:KERNEL32.dll
 0002:00000180       __imp_WriteFile            0000000140019180     kernel32:KERNEL32.dll
 0002:00000188       __imp_GetModuleFileNameW   0000000140019188     kernel32:KERNEL32.dll
 0002:00000190       __imp_ExitProcess          0000000140019190     kernel32:KERNEL32.dll
 0002:00000198       __imp_GetModuleHandleExW   0000000140019198     kernel32:KERNEL32.dll
 0002:000001a0       __imp_HeapFree             00000001400191a0     kernel32:KERNEL32.dll
 0002:000001a8       __imp_HeapAlloc            00000001400191a8     kernel32:KERNEL32.dll
 0002:000001b0       __imp_FindClose            00000001400191b0     kernel32:KERNEL32.dll
 0002:000001b8       __imp_FindFirstFileExW     00000001400191b8     kernel32:KERNEL32.dll
 0002:000001c0       __imp_FindNextFileW        00000001400191c0     kernel32:KERNEL32.dll
 0002:000001c8       __imp_IsValidCodePage      00000001400191c8     kernel32:KERNEL32.dll
 0002:000001d0       __imp_GetACP               00000001400191d0     kernel32:KERNEL32.dll
 0002:000001d8       __imp_GetOEMCP             00000001400191d8     kernel32:KERNEL32.dll
 0002:000001e0       __imp_GetCPInfo            00000001400191e0     kernel32:KERNEL32.dll
 0002:000001e8       __imp_GetCommandLineA      00000001400191e8     kernel32:KERNEL32.dll
 0002:000001f0       __imp_GetCommandLineW      00000001400191f0     kernel32:KERNEL32.dll
 0002:000001f8       __imp_MultiByteToWideChar  00000001400191f8     kernel32:KERNEL32.dll
 0002:00000200       __imp_WideCharToMultiByte  0000000140019200     kernel32:KERNEL32.dll
 0002:00000208       __imp_GetEnvironmentStringsW 0000000140019208     kernel32:KERNEL32.dll
 0002:00000210       __imp_FreeEnvironmentStringsW 0000000140019210     kernel32:KERNEL32.dll
 0002:00000218       __imp_SetStdHandle         0000000140019218     kernel32:KERNEL32.dll
 0002:00000220       __imp_GetFileType          0000000140019220     kernel32:KERNEL32.dll
 0002:00000228       __imp_GetStringTypeW       0000000140019228     kernel32:KERNEL32.dll
 0002:00000230       __imp_FlsAlloc             0000000140019230     kernel32:KERNEL32.dll
 0002:00000238       __imp_FlsGetValue          0000000140019238     kernel32:KERNEL32.dll
 0002:00000240       __imp_FlsSetValue          0000000140019240     kernel32:KERNEL32.dll
 0002:00000248       __imp_FlsFree              0000000140019248     kernel32:KERNEL32.dll
 0002:00000250       __imp_LCMapStringW         0000000140019250     kernel32:KERNEL32.dll
 0002:00000258       \177KERNEL32_NULL_THUNK_DATA 0000000140019258     kernel32:KERNEL32.dll
 0002:00000260       __imp_DispatchMessageA     0000000140019260     user32:USER32.dll
 0002:00000268       __imp_LoadCursorA          0000000140019268     user32:USER32.dll
 0002:00000270       __imp_ScreenToClient       0000000140019270     user32:USER32.dll
 0002:00000278       __imp_GetCursorPos         0000000140019278     user32:USER32.dll
 0002:00000280       __imp_GetClientRect        0000000140019280     user32:USER32.dll
 0002:00000288       __imp_GetDC                0000000140019288     user32:USER32.dll
 0002:00000290       __imp_GetKeyState          0000000140019290     user32:USER32.dll
 0002:00000298       __imp_GetActiveWindow      0000000140019298     user32:USER32.dll
 0002:000002a0       __imp_CreateWindowExA      00000001400192a0     user32:USER32.dll
 0002:000002a8       __imp_RegisterClassA       00000001400192a8     user32:USER32.dll
 0002:000002b0       __imp_DefWindowProcA       00000001400192b0     user32:USER32.dll
 0002:000002b8       __imp_PeekMessageA         00000001400192b8     user32:USER32.dll
 0002:000002c0       __imp_TranslateMessage     00000001400192c0     user32:USER32.dll
 0002:000002c8       \177USER32_NULL_THUNK_DATA 00000001400192c8     user32:USER32.dll
 0002:000002d0       __guard_check_icall_fptr   00000001400192d0     LIBCMT:guard_support.obj
 0002:000002d8       __guard_xfg_check_icall_fptr 00000001400192d8     LIBCMT:guard_support.obj
 0002:000002e0       __guard_dispatch_icall_fptr 00000001400192e0     LIBCMT:guard_support.obj
 0002:000002e8       __guard_xfg_dispatch_icall_fptr 00000001400192e8     LIBCMT:guard_support.obj
 0002:000002f0       __guard_xfg_table_dispatch_icall_fptr 00000001400192f0     LIBCMT:guard_support.obj
 0002:000002f8       __castguard_check_failure_os_handled_fptr 00000001400192f8     LIBCMT:guard_support.obj
 0002:00000300       __guard_memcpy_fptr        0000000140019300     libvcruntime:softmemtag.obj
 0002:00000308       __xc_a                     0000000140019308     LIBCMT:initializers.obj
 0002:00000318       __xc_z                     0000000140019318     LIBCMT:initializers.obj
 0002:00000320       __xi_a                     0000000140019320     LIBCMT:initializers.obj
 0002:00000338       __acrt_tran_fma3_initializer 0000000140019338     libucrt:fma3_initializer.obj
 0002:00000340       __acrt_multibyte_initializer 0000000140019340     libucrt:multibyte_initializer.obj
 0002:00000348       __acrt_fmode_initializer   0000000140019348     libucrt:fmode_initializer.obj
 0002:00000350       __acrt_stdio_initializer   0000000140019350     libucrt:stdio_initializer.obj
 0002:00000358       __xi_z                     0000000140019358     LIBCMT:initializers.obj
 0002:00000360       __xp_a                     0000000140019360     LIBCMT:initializers.obj
 0002:00000368       __acrt_locale_terminator   0000000140019368     libucrt:locale_initializer.obj
 0002:00000370       __dcrt_console_output_terminator 0000000140019370     libucrt:console_output_initializer.obj
 0002:00000378       __acrt_stdio_terminator    0000000140019378     libucrt:stdio_initializer.obj
 0002:00000380       __xp_z                     0000000140019380     LIBCMT:initializers.obj
 0002:00000388       __xt_a                     0000000140019388     LIBCMT:initializers.obj
 0002:00000390       __xt_z                     0000000140019390     LIBCMT:initializers.obj
 0002:0000044c       __real@00000000            000000014001944c     win32_graphics.obj
 0002:00000450       __real@38d1b717            0000000140019450     win32_graphics.obj
 0002:00000454       __real@3c23d70a            0000000140019454     win32_graphics.obj
 0002:00000458       __real@3ecccccd            0000000140019458     win32_graphics.obj
 0002:0000045c       __real@3f000000            000000014001945c     win32_graphics.obj
 0002:00000460       __real@3f800000            0000000140019460     win32_graphics.obj
 0002:00000464       __real@40000000            0000000140019464     win32_graphics.obj
 0002:00000468       __real@40c90fd0            0000000140019468     win32_graphics.obj
 0002:0000046c       __real@42700000            000000014001946c     win32_graphics.obj
 0002:00000470       __real@43340000            0000000140019470     win32_graphics.obj
 0002:00000474       __real@437f0000            0000000140019474     win32_graphics.obj
 0002:00000478       __real@447a0000            0000000140019478     win32_graphics.obj
 0002:0000047c       __real@7f7fffff            000000014001947c     win32_graphics.obj
 0002:00000480       __real@bf000000            0000000140019480     win32_graphics.obj
 0002:00000490       __xmm@80000000800000008000000080000000 0000000140019490     win32_graphics.obj
 0002:000004b0       __xmm@ffffffffffffffffffffffffffffffff 00000001400194b0     LIBCMT:utility.obj
 0002:000004c0       _pDestructExceptionObject  00000001400194c0     libvcruntime:ehhelpers.obj
 0002:00000be0       ??_C@_08EHJDFFNH@__based?$CI@ 0000000140019be0     libvcruntime:undname.obj
 0002:00000bf0       ??_C@_07KOLFKCDI@__cdecl@  0000000140019bf0     libvcruntime:undname.obj
 0002:00000bf8       ??_C@_08GHMPAG@__pascal@   0000000140019bf8     libvcruntime:undname.obj
 0002:00000c08       ??_C@_09IFJBGAPI@__stdcall@ 0000000140019c08     libvcruntime:undname.obj
 0002:00000c18       ??_C@_0L@NPHFGOKO@__thiscall@ 0000000140019c18     libvcruntime:undname.obj
 0002:00000c28       ??_C@_0L@JMKHOMEK@__fastcall@ 0000000140019c28     libvcruntime:undname.obj
 0002:00000c38       ??_C@_0N@BCKKPABJ@__vectorcall@ 0000000140019c38     libvcruntime:undname.obj
 0002:00000c48       ??_C@_09HIJEGCPM@__clrcall@ 0000000140019c48     libvcruntime:undname.obj
 0002:00000c54       ??_C@_06GHPCKEAG@__eabi@   0000000140019c54     libvcruntime:undname.obj
 0002:00000c60       ??_C@_09IOPIDJLG@__swift_1@ 0000000140019c60     libvcruntime:undname.obj
 0002:00000c70       ??_C@_09KFNFGKHF@__swift_2@ 0000000140019c70     libvcruntime:undname.obj
 0002:00000c80       ??_C@_09LMMOFLDE@__swift_3@ 0000000140019c80     libvcruntime:undname.obj
 0002:00000c90       ??_C@_07JOMMBBKO@__ptr64@  0000000140019c90     libvcruntime:undname.obj
 0002:00000c98       ??_C@_0L@PILCLIHE@__restrict@ 0000000140019c98     libvcruntime:undname.obj
 0002:00000ca8       ??_C@_0M@GFIIJFMG@__unaligned@ 0000000140019ca8     libvcruntime:undname.obj
 0002:00000cb8       ??_C@_09DHDLOLLB@restrict?$CI@ 0000000140019cb8     libvcruntime:undname.obj
 0002:00000cc2       ??_C@_00CNPNBAHC@@         0000000140019cc2     libvcruntime:undname.obj
 0002:00000cc4       ??_C@_04NIHEBCM@?5new@     0000000140019cc4     libvcruntime:undname.obj
 0002:00000cd0       ??_C@_07FPCDHGMM@?5delete@ 0000000140019cd0     libvcruntime:undname.obj
 0002:00000cd8       ??_C@_01NEMOKFLO@?$DN@     0000000140019cd8     libvcruntime:undname.obj
 0002:00000cdc       ??_C@_02GPIOPFAK@?$DO?$DO@ 0000000140019cdc     libvcruntime:undname.obj
 0002:00000ce0       ??_C@_02FODMEDOG@?$DM?$DM@ 0000000140019ce0     libvcruntime:undname.obj
 0002:00000ce4       ??_C@_01DCLJPIOD@?$CB@     0000000140019ce4     libvcruntime:undname.obj
 0002:00000ce8       ??_C@_02EGOFBIJA@?$DN?$DN@ 0000000140019ce8     libvcruntime:undname.obj
 0002:00000cec       ??_C@_02FDNJECIE@?$CB?$DN@ 0000000140019cec     libvcruntime:undname.obj
 0002:00000cf0       ??_C@_02GPECMEKF@?$FL?$FN@ 0000000140019cf0     libvcruntime:undname.obj
 0002:00000cf8       ??_C@_08LHJFAFGD@operator@ 0000000140019cf8     libvcruntime:undname.obj
 0002:00000d04       ??_C@_02HBOOOICD@?9?$DO@   0000000140019d04     libvcruntime:undname.obj
 0002:00000d08       ??_C@_01NBENCBCI@?$CK@     0000000140019d08     libvcruntime:undname.obj
 0002:00000d0c       ??_C@_02ECNGHCIF@?$CL?$CL@ 0000000140019d0c     libvcruntime:undname.obj
 0002:00000d10       ??_C@_02BAABKJLB@?9?9@     0000000140019d10     libvcruntime:undname.obj
 0002:00000d14       ??_C@_01JOAMLHOP@?9@       0000000140019d14     libvcruntime:undname.obj
 0002:00000d18       ??_C@_01MIFGBAGJ@?$CL@     0000000140019d18     libvcruntime:undname.obj
 0002:00000d1c       ??_C@_01HNPIGOCE@?$CG@     0000000140019d1c     libvcruntime:undname.obj
 0002:00000d20       ??_C@_03MNHNFDLC@?9?$DO?$CK@ 0000000140019d20     libvcruntime:undname.obj
 0002:00000d24       ??_C@_01KMDKNFGN@?1@       0000000140019d24     libvcruntime:undname.obj
 0002:00000d28       ??_C@_01FGNFDNOH@?$CF@     0000000140019d28     libvcruntime:undname.obj
 0002:00000d2c       ??_C@_01MNNFJEPP@?$DM@     0000000140019d2c     libvcruntime:undname.obj
 0002:00000d30       ??_C@_02EHCHHCKH@?$DM?$DN@ 0000000140019d30     libvcruntime:undname.obj
 0002:00000d34       ??_C@_01PPODPGHN@?$DO@     0000000140019d34     libvcruntime:undname.obj
 0002:00000d38       ??_C@_02EEKDKGMJ@?$DO?$DN@ 0000000140019d38     libvcruntime:undname.obj
 0002:00000d3c       ??_C@_01IHBHIGKO@?0@       0000000140019d3c     libvcruntime:undname.obj
 0002:00000d40       ??_C@_02HCKGKOFO@?$CI?$CJ@ 0000000140019d40     libvcruntime:undname.obj
 0002:00000d44       ??_C@_01PJKLJHI@?$HO@      0000000140019d44     libvcruntime:undname.obj
 0002:00000d48       ??_C@_01JKBOJNNK@?$FO@     0000000140019d48     libvcruntime:undname.obj
 0002:00000d4c       ??_C@_01DNKMNLPK@?$HM@     0000000140019d4c     libvcruntime:undname.obj
 0002:00000d50       ??_C@_02PPKAJPJL@?$CG?$CG@ 0000000140019d50     libvcruntime:undname.obj
 0002:00000d54       ??_C@_02NONPIBCD@?$HM?$HM@ 0000000140019d54     libvcruntime:undname.obj
 0002:00000d58       ??_C@_02FPIMKNGF@?$CK?$DN@ 0000000140019d58     libvcruntime:undname.obj
 0002:00000d5c       ??_C@_02FOEOMHFC@?$CL?$DN@ 0000000140019d5c     libvcruntime:undname.obj
 0002:00000d60       ??_C@_02FKMDLLOA@?9?$DN@   0000000140019d60     libvcruntime:undname.obj
 0002:00000d64       ??_C@_02FJEHGPIO@?1?$DN@   0000000140019d64     libvcruntime:undname.obj
 0002:00000d68       ??_C@_02FENAOKFI@?$CF?$DN@ 0000000140019d68     libvcruntime:undname.obj
 0002:00000d6c       ??_C@_03IKFCCPFF@?$DO?$DO?$DN@ 0000000140019d6c     libvcruntime:undname.obj
 0002:00000d70       ??_C@_03CDNPDDLA@?$DM?$DM?$DN@ 0000000140019d70     libvcruntime:undname.obj
 0002:00000d74       ??_C@_02FGJGFEAB@?$CG?$DN@ 0000000140019d74     libvcruntime:undname.obj
 0002:00000d78       ??_C@_02DHLNPPGH@?$HM?$DN@ 0000000140019d78     libvcruntime:undname.obj
 0002:00000d7c       ??_C@_02MHEGNOJ@?$FO?$DN@  0000000140019d7c     libvcruntime:undname.obj
 0002:00000d80       ??_C@_09IFPLHPGF@?$GAvftable?8@ 0000000140019d80     libvcruntime:undname.obj
 0002:00000d90       ??_C@_09BLBHBJP@?$GAvbtable?8@ 0000000140019d90     libvcruntime:undname.obj
 0002:00000da0       ??_C@_07FEEIOKP@?$GAvcall?8@ 0000000140019da0     libvcruntime:undname.obj
 0002:00000da8       ??_C@_08LLFFHHDJ@?$GAtypeof?8@ 0000000140019da8     libvcruntime:undname.obj
 0002:00000db8       ??_C@_0BF@KDPPACIK@?$GAlocal?5static?5guard?8@ 0000000140019db8     libvcruntime:undname.obj
 0002:00000dd0       ??_C@_08OBABFOLI@?$GAstring?8@ 0000000140019dd0     libvcruntime:undname.obj
 0002:00000de0       ??_C@_0BD@JDLKDPAB@?$GAvbase?5destructor?8@ 0000000140019de0     libvcruntime:undname.obj
 0002:00000df8       ??_C@_0BN@DEGPLNFK@?$GAvector?5deleting?5destructor?8@ 0000000140019df8     libvcruntime:undname.obj
 0002:00000e18       ??_C@_0BO@OBMKPJIG@?$GAdefault?5constructor?5closure?8@ 0000000140019e18     libvcruntime:undname.obj
 0002:00000e38       ??_C@_0BN@IMDCHIKM@?$GAscalar?5deleting?5destructor?8@ 0000000140019e38     libvcruntime:undname.obj
 0002:00000e58       ??_C@_0BO@PFGOCPJJ@?$GAvector?5constructor?5iterator?8@ 0000000140019e58     libvcruntime:undname.obj
 0002:00000e78       ??_C@_0BN@LFPFMEDL@?$GAvector?5destructor?5iterator?8@ 0000000140019e78     libvcruntime:undname.obj
 0002:00000e98       ??_C@_0CE@IKBNEHA@?$GAvector?5vbase?5constructor?5itera@ 0000000140019e98     libvcruntime:undname.obj
 0002:00000ec0       ??_C@_0BL@NILFHHPC@?$GAvirtual?5displacement?5map?8@ 0000000140019ec0     libvcruntime:undname.obj
 0002:00000ee0       ??_C@_0CB@JONCMFFK@?$GAeh?5vector?5constructor?5iterator@ 0000000140019ee0     libvcruntime:undname.obj
 0002:00000f08       ??_C@_0CA@GCEOPDGL@?$GAeh?5vector?5destructor?5iterator?8@ 0000000140019f08     libvcruntime:undname.obj
 0002:00000f28       ??_C@_0CH@OOJPLCPH@?$GAeh?5vector?5vbase?5constructor?5it@ 0000000140019f28     libvcruntime:undname.obj
 0002:00000f50       ??_C@_0BL@LLKPOHJI@?$GAcopy?5constructor?5closure?8@ 0000000140019f50     libvcruntime:undname.obj
 0002:00000f70       ??_C@_0BA@KBCDOMBN@?$GAudt?5returning?8@ 0000000140019f70     libvcruntime:undname.obj
 0002:00000f80       ??_C@_03KLGMFNMG@?$GAEH@   0000000140019f80     libvcruntime:undname.obj
 0002:00000f84       ??_C@_05KHLCHHI@?$GARTTI@  0000000140019f84     libvcruntime:undname.obj
 0002:00000f90       ??_C@_0BA@KKLDJDLB@?$GAlocal?5vftable?8@ 0000000140019f90     libvcruntime:undname.obj
 0002:00000fa0       ??_C@_0CE@IIHCMGGL@?$GAlocal?5vftable?5constructor?5clos@ 0000000140019fa0     libvcruntime:undname.obj
 0002:00000fc4       ??_C@_06FHBGPFGH@?5new?$FL?$FN@ 0000000140019fc4     libvcruntime:undname.obj
 0002:00000fd0       ??_C@_09LBNFPBCA@?5delete?$FL?$FN@ 0000000140019fd0     libvcruntime:undname.obj
 0002:00000fe0       ??_C@_0P@HJKNJFNN@?$GAomni?5callsig?8@ 0000000140019fe0     libvcruntime:undname.obj
 0002:00000ff0       ??_C@_0BL@CNOONJFP@?$GAplacement?5delete?5closure?8@ 0000000140019ff0     libvcruntime:undname.obj
 0002:00001010       ??_C@_0BN@CKNJLHMB@?$GAplacement?5delete?$FL?$FN?5closure?8@ 000000014001a010     libvcruntime:undname.obj
 0002:00001030       ??_C@_0CG@CFDHKGGD@?$GAmanaged?5vector?5constructor?5ite@ 000000014001a030     libvcruntime:undname.obj
 0002:00001058       ??_C@_0CF@IMGKMJNO@?$GAmanaged?5vector?5destructor?5iter@ 000000014001a058     libvcruntime:undname.obj
 0002:00001080       ??_C@_0CG@HLDDJMAG@?$GAeh?5vector?5copy?5constructor?5ite@ 000000014001a080     libvcruntime:undname.obj
 0002:000010a8       ??_C@_0CM@FCBBDIGB@?$GAeh?5vector?5vbase?5copy?5construct@ 000000014001a0a8     libvcruntime:undname.obj
 0002:000010d8       ??_C@_0BL@CLIPGLGB@?$GAdynamic?5initializer?5for?5?8@ 000000014001a0d8     libvcruntime:undname.obj
 0002:000010f8       ??_C@_0CB@PDBIFEP@?$GAdynamic?5atexit?5destructor?5for?5@ 000000014001a0f8     libvcruntime:undname.obj
 0002:00001120       ??_C@_0CD@CGAJBKEJ@?$GAvector?5copy?5constructor?5iterat@ 000000014001a120     libvcruntime:undname.obj
 0002:00001148       ??_C@_0CJ@GJELGAMM@?$GAvector?5vbase?5copy?5constructor?5@ 000000014001a148     libvcruntime:undname.obj
 0002:00001178       ??_C@_0CL@FGIJHLCE@?$GAmanaged?5vector?5copy?5constructo@ 000000014001a178     libvcruntime:undname.obj
 0002:000011a8       ??_C@_0BM@PMGGMLDN@?$GAlocal?5static?5thread?5guard?8@ 000000014001a1a8     libvcruntime:undname.obj
 0002:000011c8       ??_C@_0N@BDNMDMOL@operator?5?$CC?$CC?5@ 000000014001a1c8     libvcruntime:undname.obj
 0002:000011d8       ??_C@_0BC@GGEBGALA@operator?5co_await@ 000000014001a1d8     libvcruntime:undname.obj
 0002:000011f0       ??_C@_0M@GAAIMMOH@operator?$DM?$DN?$DO@ 000000014001a1f0     libvcruntime:undname.obj
 0002:00001200       ??_C@_0BC@DAFEJGAK@?5Type?5Descriptor?8@ 000000014001a200     libvcruntime:undname.obj
 0002:00001218       ??_C@_0BM@LDKODKLH@?5Base?5Class?5Descriptor?5at?5?$CI@ 000000014001a218     libvcruntime:undname.obj
 0002:00001238       ??_C@_0BD@LGICGFMM@?5Base?5Class?5Array?8@ 000000014001a238     libvcruntime:undname.obj
 0002:00001250       ??_C@_0BN@MECKDCOJ@?5Class?5Hierarchy?5Descriptor?8@ 000000014001a250     libvcruntime:undname.obj
 0002:00001270       ??_C@_0BK@CFCOFLF@?5Complete?5Object?5Locator?8@ 000000014001a270     libvcruntime:undname.obj
 0002:00001290       ??_C@_0BG@JNJLAMPM@?$GAanonymous?5namespace?8@ 000000014001a290     libvcruntime:undname.obj
 0002:000012c0       ??_C@_1DM@KHCHBNEB@?$AAa?$AAp?$AAi?$AA?9?$AAm?$AAs?$AA?9?$AAw?$AAi?$AAn?$AA?9?$AAc?$AAo?$AAr?$AAe@ 000000014001a2c0     libvcruntime:winapi_downlevel.obj
 0002:00001300       ??_C@_1DK@LPPGFMPP@?$AAa?$AAp?$AAi?$AA?9?$AAm?$AAs?$AA?9?$AAw?$AAi?$AAn?$AA?9?$AAc?$AAo?$AAr?$AAe@ 000000014001a300     libvcruntime:winapi_downlevel.obj
 0002:00001340       ??_C@_1BC@GDMECMAK@?$AAk?$AAe?$AAr?$AAn?$AAe?$AAl?$AA3?$AA2@ 000000014001a340     libvcruntime:winapi_downlevel.obj
 0002:00001358       ??_C@_1BA@PFFKHIOG@?$AAa?$AAp?$AAi?$AA?9?$AAm?$AAs?$AA?9@ 000000014001a358     libvcruntime:winapi_downlevel.obj
 0002:00001370       ??_C@_08KNHFBNJ@FlsAlloc@  000000014001a370     libvcruntime:winapi_downlevel.obj
 0002:00001388       ??_C@_07PEJMOBNF@FlsFree@  000000014001a388     libvcruntime:winapi_downlevel.obj
 0002:00001398       ??_C@_0M@GDNOONDI@FlsGetValue@ 000000014001a398     libvcruntime:winapi_downlevel.obj
 0002:000013b0       ??_C@_0M@JCPCPOEF@FlsSetValue@ 000000014001a3b0     libvcruntime:winapi_downlevel.obj
 0002:000013c8       ??_C@_0BM@HCFOFFN@InitializeCriticalSectionEx@ 000000014001a3c8     libvcruntime:winapi_downlevel.obj
 0002:00001490       ??_7exception@std@@6B@     000000014001a490     libvcruntime:frame.obj
 0002:000014a0       ??_C@_0BC@EOODALEL@Unknown?5exception@ 000000014001a4a0     libvcruntime:frame.obj
 0002:000014c0       ??_7bad_exception@std@@6B@ 000000014001a4c0     libvcruntime:frame.obj
 0002:000014d0       ??_C@_0O@DPKOEFFH@bad?5exception@ 000000014001a4d0     libvcruntime:frame.obj
 0002:000014e0       __xmm@7fffffffffffffff7fffffffffffffff 000000014001a4e0     libucrt:fabs.obj
 0002:0000160c       __real@bf800000            000000014001a60c     libucrt:floorf.obj
 0002:00001740       ??_C@_05KGFAIMPG@sqrtf@    000000014001a740     libucrt:sqrtf.obj
 0002:00001840       __acrt_exception_action_table 000000014001a840     libucrt:exception_filter.obj
 0002:00001900       __acrt_signal_action_table_count 000000014001a900     libucrt:exception_filter.obj
 0002:00001908       __acrt_signal_action_first_fpe_index 000000014001a908     libucrt:exception_filter.obj
 0002:00001910       __acrt_signal_action_fpe_count 000000014001a910     libucrt:exception_filter.obj
 0002:00001990       ??_C@_1BI@BGOHAHKC@?$AAm?$AAs?$AAc?$AAo?$AAr?$AAe?$AAe?$AA?4?$AAd?$AAl?$AAl@ 000000014001a990     libucrt:exit.obj
 0002:000019a8       ??_C@_0P@MIGLKIOC@CorExitProcess@ 000000014001a9a8     libucrt:exit.obj
 0002:00001c50       ??_C@_04LAGPAAHP@sinf@     000000014001ac50     libucrt:sincos_special.obj
 0002:00001c58       ??_C@_04OBBKPIAC@cosf@     000000014001ac58     libucrt:sincos_special.obj
 0002:00001c60       ??_C@_04MHPLPEIA@tanf@     000000014001ac60     libucrt:sincos_special.obj
 0002:00001c70       __Lcosfarray               000000014001ac70     libucrt:lsincosf_array.obj
 0002:00001ca0       __Lsinfarray               000000014001aca0     libucrt:lsincosf_array.obj
 0002:00001cc0       __L_2_by_pi_bits           000000014001acc0     libucrt:l2_by_pi_bits.obj
 0002:00001fc8       ??_C@_1M@HPNHIDJI@?$AAj?$AAa?$AA?9?$AAJ?$AAP@ 000000014001afc8     libucrt:mbctype.obj
 0002:00001fd8       ??_C@_1M@BIBDDEMK@?$AAz?$AAh?$AA?9?$AAC?$AAN@ 000000014001afd8     libucrt:mbctype.obj
 0002:00001fe8       ??_C@_1M@JLOOOEGK@?$AAk?$AAo?$AA?9?$AAK?$AAR@ 000000014001afe8     libucrt:mbctype.obj
 0002:00001ff8       ??_C@_1M@CLNBBOPM@?$AAz?$AAh?$AA?9?$AAT?$AAW@ 000000014001aff8     libucrt:mbctype.obj
 0002:00002010       __lc_time_c                000000014001b010     libucrt:nlsdata.obj
 0002:000022d0       ??_C@_03KOEHGMDN@Sun@      000000014001b2d0     libucrt:nlsdata.obj
 0002:000022d4       ??_C@_03PDAGKDH@Mon@       000000014001b2d4     libucrt:nlsdata.obj
 0002:000022d8       ??_C@_03NAGEINEP@Tue@      000000014001b2d8     libucrt:nlsdata.obj
 0002:000022dc       ??_C@_03MHOMLAJA@Wed@      000000014001b2dc     libucrt:nlsdata.obj
 0002:000022e0       ??_C@_03IOFIKPDN@Thu@      000000014001b2e0     libucrt:nlsdata.obj
 0002:000022e4       ??_C@_03IDIOELNC@Fri@      000000014001b2e4     libucrt:nlsdata.obj
 0002:000022e8       ??_C@_03FEFJNEK@Sat@       000000014001b2e8     libucrt:nlsdata.obj
 0002:000022ec       ??_C@_06OOPIFAJ@Sunday@    000000014001b2ec     libucrt:nlsdata.obj
 0002:000022f4       ??_C@_06JLEDEDGH@Monday@   000000014001b2f4     libucrt:nlsdata.obj
 0002:00002300       ??_C@_07BAAGCFCM@Tuesday@  000000014001b300     libucrt:nlsdata.obj
 0002:00002308       ??_C@_09DLIGFAKA@Wednesday@ 000000014001b308     libucrt:nlsdata.obj
 0002:00002318       ??_C@_08HACCIKIA@Thursday@ 000000014001b318     libucrt:nlsdata.obj
 0002:00002324       ??_C@_06JECMNKMI@Friday@   000000014001b324     libucrt:nlsdata.obj
 0002:00002330       ??_C@_08INBOOONO@Saturday@ 000000014001b330     libucrt:nlsdata.obj
 0002:0000233c       ??_C@_03JIHJHPIE@Jan@      000000014001b33c     libucrt:nlsdata.obj
 0002:00002340       ??_C@_03HJBDCHOM@Feb@      000000014001b340     libucrt:nlsdata.obj
 0002:00002344       ??_C@_03ODNJBKGA@Mar@      000000014001b344     libucrt:nlsdata.obj
 0002:00002348       ??_C@_03LEOLGMJP@Apr@      000000014001b348     libucrt:nlsdata.obj
 0002:0000234c       ??_C@_03CNMDKL@May@        000000014001b34c     libucrt:nlsdata.obj
 0002:00002350       ??_C@_03IDFGHECI@Jun@      000000014001b350     libucrt:nlsdata.obj
 0002:00002354       ??_C@_03LBGABGKK@Jul@      000000014001b354     libucrt:nlsdata.obj
 0002:00002358       ??_C@_03IFJFEIGA@Aug@      000000014001b358     libucrt:nlsdata.obj
 0002:0000235c       ??_C@_03GGCAPAJC@Sep@      000000014001b35c     libucrt:nlsdata.obj
 0002:00002360       ??_C@_03BMAOKBAD@Oct@      000000014001b360     libucrt:nlsdata.obj
 0002:00002364       ??_C@_03JPJOFNIA@Nov@      000000014001b364     libucrt:nlsdata.obj
 0002:00002368       ??_C@_03MKABNOCG@Dec@      000000014001b368     libucrt:nlsdata.obj
 0002:00002370       ??_C@_07CGJPFGJA@January@  000000014001b370     libucrt:nlsdata.obj
 0002:00002378       ??_C@_08GNJGEPFN@February@ 000000014001b378     libucrt:nlsdata.obj
 0002:00002384       ??_C@_05HPCKOFNC@March@    000000014001b384     libucrt:nlsdata.obj
 0002:0000238c       ??_C@_05DMJDNLEJ@April@    000000014001b38c     libucrt:nlsdata.obj
 0002:00002394       ??_C@_04CNLMGBGM@June@     000000014001b394     libucrt:nlsdata.obj
 0002:0000239c       ??_C@_04MIEPOIFP@July@     000000014001b39c     libucrt:nlsdata.obj
 0002:000023a4       ??_C@_06LBBHFDDG@August@   000000014001b3a4     libucrt:nlsdata.obj
 0002:000023b0       ??_C@_09BHHEALKD@September@ 000000014001b3b0     libucrt:nlsdata.obj
 0002:000023c0       ??_C@_07JJNFCEND@October@  000000014001b3c0     libucrt:nlsdata.obj
 0002:000023c8       ??_C@_08HCHEGEOA@November@ 000000014001b3c8     libucrt:nlsdata.obj
 0002:000023d8       ??_C@_08EDHMEBNP@December@ 000000014001b3d8     libucrt:nlsdata.obj
 0002:000023e4       ??_C@_02DEDBPAFC@AM@       000000014001b3e4     libucrt:nlsdata.obj
 0002:000023e8       ??_C@_02CJNFDJBF@PM@       000000014001b3e8     libucrt:nlsdata.obj
 0002:000023f0       ??_C@_08BPBNCDIB@MM?1dd?1yy@ 000000014001b3f0     libucrt:nlsdata.obj
 0002:00002400       ??_C@_0BE@CKGJFCPC@dddd?0?5MMMM?5dd?0?5yyyy@ 000000014001b400     libucrt:nlsdata.obj
 0002:00002418       ??_C@_08JCCMCCIL@HH?3mm?3ss@ 000000014001b418     libucrt:nlsdata.obj
 0002:00002428       ??_C@_17MBGCMIPB@?$AAS?$AAu?$AAn@ 000000014001b428     libucrt:nlsdata.obj
 0002:00002430       ??_C@_17KBOMKBF@?$AAM?$AAo?$AAn@ 000000014001b430     libucrt:nlsdata.obj
 0002:00002438       ??_C@_17BMKGEGOJ@?$AAT?$AAu?$AAe@ 000000014001b438     libucrt:nlsdata.obj
 0002:00002440       ??_C@_17CJEDCEPE@?$AAW?$AAe?$AAd@ 000000014001b440     libucrt:nlsdata.obj
 0002:00002448       ??_C@_17PDPHAADD@?$AAT?$AAh?$AAu@ 000000014001b448     libucrt:nlsdata.obj
 0002:00002450       ??_C@_17HFOLPPLP@?$AAF?$AAr?$AAi@ 000000014001b450     libucrt:nlsdata.obj
 0002:00002458       ??_C@_17GGIBDPIH@?$AAS?$AAa?$AAt@ 000000014001b458     libucrt:nlsdata.obj
 0002:00002460       ??_C@_1O@IHNHDHPB@?$AAS?$AAu?$AAn?$AAd?$AAa?$AAy@ 000000014001b460     libucrt:nlsdata.obj
 0002:00002470       ??_C@_1O@MMNBFLIA@?$AAM?$AAo?$AAn?$AAd?$AAa?$AAy@ 000000014001b470     libucrt:nlsdata.obj
 0002:00002480       ??_C@_1BA@ENFBFFEK@?$AAT?$AAu?$AAe?$AAs?$AAd?$AAa?$AAy@ 000000014001b480     libucrt:nlsdata.obj
 0002:00002490       ??_C@_1BE@EBOGMDOH@?$AAW?$AAe?$AAd?$AAn?$AAe?$AAs?$AAd?$AAa?$AAy@ 000000014001b490     libucrt:nlsdata.obj
 0002:000024a8       ??_C@_1BC@HHMNLIHE@?$AAT?$AAh?$AAu?$AAr?$AAs?$AAd?$AAa?$AAy@ 000000014001b4a8     libucrt:nlsdata.obj
 0002:000024c0       ??_C@_1O@PDICJHAG@?$AAF?$AAr?$AAi?$AAd?$AAa?$AAy@ 000000014001b4c0     libucrt:nlsdata.obj
 0002:000024d0       ??_C@_1BC@ENMNNPAJ@?$AAS?$AAa?$AAt?$AAu?$AAr?$AAd?$AAa?$AAy@ 000000014001b4d0     libucrt:nlsdata.obj
 0002:000024e8       ??_C@_17DKNBKCHM@?$AAJ?$AAa?$AAn@ 000000014001b4e8     libucrt:nlsdata.obj
 0002:000024f0       ??_C@_17LMDJEKJN@?$AAF?$AAe?$AAb@ 000000014001b4f0     libucrt:nlsdata.obj
 0002:000024f8       ??_C@_17CKNLEDEC@?$AAM?$AAa?$AAr@ 000000014001b4f8     libucrt:nlsdata.obj
 0002:00002500       ??_C@_17LFPOIHDD@?$AAA?$AAp?$AAr@ 000000014001b500     libucrt:nlsdata.obj
 0002:00002508       ??_C@_17PNNKMEED@?$AAM?$AAa?$AAy@ 000000014001b508     libucrt:nlsdata.obj
 0002:00002510       ??_C@_17KCJGOCPB@?$AAJ?$AAu?$AAn@ 000000014001b510     libucrt:nlsdata.obj
 0002:00002518       ??_C@_17IJPCKHK@?$AAJ?$AAu?$AAl@ 000000014001b518     libucrt:nlsdata.obj
 0002:00002520       ??_C@_17ICPELBCN@?$AAA?$AAu?$AAg@ 000000014001b520     libucrt:nlsdata.obj
 0002:00002528       ??_C@_17HCHCOKMG@?$AAS?$AAe?$AAp@ 000000014001b528     libucrt:nlsdata.obj
 0002:00002530       ??_C@_17FNLKOI@?$AAO?$AAc?$AAt@ 000000014001b530     libucrt:nlsdata.obj
 0002:00002538       ??_C@_17BBDMLCIG@?$AAN?$AAo?$AAv@ 000000014001b538     libucrt:nlsdata.obj
 0002:00002540       ??_C@_17EGKACKIF@?$AAD?$AAe?$AAc@ 000000014001b540     libucrt:nlsdata.obj
 0002:00002548       ??_C@_1BA@EFMEIEBA@?$AAJ?$AAa?$AAn?$AAu?$AAa?$AAr?$AAy@ 000000014001b548     libucrt:nlsdata.obj
 0002:00002558       ??_C@_1BC@JGDDFFAM@?$AAF?$AAe?$AAb?$AAr?$AAu?$AAa?$AAr?$AAy@ 000000014001b558     libucrt:nlsdata.obj
 0002:00002570       ??_C@_1M@IKEENEDF@?$AAM?$AAa?$AAr?$AAc?$AAh@ 000000014001b570     libucrt:nlsdata.obj
 0002:00002580       ??_C@_1M@GJNLMHFD@?$AAA?$AAp?$AAr?$AAi?$AAl@ 000000014001b580     libucrt:nlsdata.obj
 0002:00002590       ??_C@_19EPFLPGAP@?$AAJ?$AAu?$AAn?$AAe@ 000000014001b590     libucrt:nlsdata.obj
 0002:000025a0       ??_C@_19BIFMLPCD@?$AAJ?$AAu?$AAl?$AAy@ 000000014001b5a0     libucrt:nlsdata.obj
 0002:000025b0       ??_C@_1O@PAHLKOAC@?$AAA?$AAu?$AAg?$AAu?$AAs?$AAt@ 000000014001b5b0     libucrt:nlsdata.obj
 0002:000025c0       ??_C@_1BE@DKAAMBJL@?$AAS?$AAe?$AAp?$AAt?$AAe?$AAm?$AAb?$AAe?$AAr@ 000000014001b5c0     libucrt:nlsdata.obj
[...]
 0002:000095a0       $xdatasym                  00000001400225a0     libucrt:remainder_piby2f_forasm.obj
 0002:000095a8       $xdatasym                  00000001400225a8     libucrt:remainder_piby2_forfma3.obj
 0002:000095b4       $unwind$_sincosf_special   00000001400225b4     libucrt:sincos_special.obj
 0002:000095bc       $unwind$_ctrlfp            00000001400225bc     libucrt:fpctrl.obj
 0002:000095e4       $unwind$__acrt_initialize_fma3 00000001400225e4     libucrt:fma3_available.obj
 0002:000095ec       $unwind$_call_matherr      00000001400225ec     libucrt:libm_error.obj
 0002:000095f4       $unwind$_handle_error      00000001400225f4     libucrt:libm_error.obj
 0002:000095f4       $unwind$_handle_errorf     00000001400225f4     libucrt:libm_error.obj
 0002:00009618       $xdatasym                  0000000140022618     libucrt:remainder_piby2f_forc.obj
 0002:00009628       $unwind$?construct_ptd_array@@YAXQEAU__acrt_ptd@@@Z 0000000140022628     libucrt:per_thread_data.obj
 0002:00009630       $unwind$?destroy_ptd_array@@YAXQEAU__acrt_ptd@@@Z 0000000140022630     libucrt:per_thread_data.obj
 0002:00009638       $unwind$??$?RV<lambda_0ae27a3a962d80f24befdcbee591983d>@@AEAV<lambda_8d0ee55de4b1038c4002e0adecdf1839>@@V<lambda_dc504788e8f1664fe9b84e20bfb512f2>@@@?$__crt_seh_guarded_call@X@@QEAAX$$QEAV<lambda_0ae27a3a962d80f24befdcbee591983d>@@AEAV<lambda_8d0ee55de4b1038c4002e0adecdf1839>@@$$QEAV<lambda_dc504788e8f1664fe9b84e20bfb512f2>@@@Z 0000000140022638     libucrt:per_thread_data.obj
 0002:0000965c       $unwind$??$?RV<lambda_aa87e3671a710a21b5dc78c0bdf72e11>@@AEAV<lambda_92619d2358a28f41a33ba319515a20b9>@@V<lambda_6992ecaafeb10aed2b74cb1fae11a551>@@@?$__crt_seh_guarded_call@X@@QEAAX$$QEAV<lambda_aa87e3671a710a21b5dc78c0bdf72e11>@@AEAV<lambda_92619d2358a28f41a33ba319515a20b9>@@$$QEAV<lambda_6992ecaafeb10aed2b74cb1fae11a551>@@@Z 000000014002265c     libucrt:per_thread_data.obj
 0002:00009680       $unwind$??$?RV<lambda_f2e299630e499de9f9a165e60fcd3db5>@@AEAV<lambda_2ae9d31cdba2644fcbeaf08da7c24588>@@V<lambda_40d01ff24d0e7b3814fdbdcee8eab3c7>@@@?$__crt_seh_guarded_call@X@@QEAAX$$QEAV<lambda_f2e299630e499de9f9a165e60fcd3db5>@@AEAV<lambda_2ae9d31cdba2644fcbeaf08da7c24588>@@$$QEAV<lambda_40d01ff24d0e7b3814fdbdcee8eab3c7>@@@Z 0000000140022680     libucrt:per_thread_data.obj
 0002:000096a4       $unwind$??$?RV<lambda_2d41944a1d46af3157314b8a01080d33>@@AEAV<lambda_8f455de75cd7d7f24b4096f044d8b9e6>@@V<lambda_aa500f224e6afead328df44964fe2772>@@@?$__crt_seh_guarded_call@X@@QEAAX$$QEAV<lambda_2d41944a1d46af3157314b8a01080d33>@@AEAV<lambda_8f455de75cd7d7f24b4096f044d8b9e6>@@$$QEAV<lambda_aa500f224e6afead328df44964fe2772>@@@Z 00000001400226a4     libucrt:per_thread_data.obj
 0002:000096c8       $unwind$_invalid_parameter_noinfo 00000001400226c8     libucrt:invalid_parameter.obj
 0002:000096c8       $unwind$_log10_special     00000001400226c8     libucrt:log_special.obj
 0002:000096d0       $unwind$__acrt_call_reportfault 00000001400226d0     libucrt:invalid_parameter.obj
 0002:000096f0       $unwind$??$common_lseek_nolock@_J@@YA_JH_JHAEAV__crt_cached_ptd_host@@@Z 00000001400226f0     libucrt:lseek.obj
 0002:000096f0       $unwind$_invalid_parameter_internal 00000001400226f0     libucrt:invalid_parameter.obj
 0002:00009704       $unwind$?get_raw_ptd_noexit@__crt_cached_ptd_host@@QEAAPEAU__acrt_ptd@@XZ 0000000140022704     libucrt:invalid_parameter.obj
 0002:00009714       $unwind$_invalid_parameter 0000000140022714     libucrt:invalid_parameter.obj
 0002:00009720       $unwind$??$common_expand_argv_wildcards@D@@YAHQEAPEADQEAPEAPEAD@Z 0000000140022720     libucrt:argv_wildcards.obj
 0002:00009738       $unwind$__dcrt_get_narrow_environment_from_os 0000000140022738     libucrt:get_environment_from_os.obj
 0002:00009738       $unwind$??$__acrt_convert_wcs_mbs_cp@_WDV<lambda_d8593a27d1aa8c02be35c86a17d324c4>@@U__crt_win32_buffer_internal_dynamic_resizing@@@@YAHQEB_WAEAV?$__crt_win32_buffer@DU__crt_win32_buffer_internal_dynamic_resizing@@@@AEBV<lambda_d8593a27d1aa8c02be35c86a17d324c4>@@I@Z 0000000140022738     libucrt:argv_wildcards.obj
 0002:00009750       $unwind$??$copy_and_add_argument_to_buffer@D@@YAHQEBD0_KAEAV?$argument_list@D@?A0x5f5c8891@@@Z 0000000140022750     libucrt:argv_wildcards.obj
 0002:0000976c       $unwind$??$expand_argument_wildcards@D@@YAHQEAD0AEAV?$argument_list@D@?A0x5f5c8891@@@Z 000000014002276c     libucrt:argv_wildcards.obj
 0002:0000978c       $unwind$__acrt_GetModuleFileNameA 000000014002278c     libucrt:getmodulefilenamea.obj
 0002:000097a8       $unwind$__dcrt_write_console 00000001400227a8     libucrt:initcon.obj
 0002:000097a8       $unwind$??$__acrt_convert_wcs_mbs_cp@_WDV<lambda_f788ae46380686e8b737efdd8c720d07>@@U__crt_win32_buffer_no_resizing@@@@YAHQEB_WAEAV?$__crt_win32_buffer@DU__crt_win32_buffer_no_resizing@@@@AEBV<lambda_f788ae46380686e8b737efdd8c720d07>@@I@Z 00000001400227a8     libucrt:getmodulefilenamea.obj
 0002:000097bc       $unwind$_setmbcp_nolock    00000001400227bc     libucrt:mbctype.obj
 0002:000097dc       $unwind$__dcrt_lowio_ensure_console_output_initialized 00000001400227dc     libucrt:initcon.obj
 0002:000097dc       $unwind$?__mbrtowc_utf8@__crt_mbstring@@YA_KPEA_WPEBD_KPEAU_Mbstatet@@AEAV__crt_cached_ptd_host@@@Z 00000001400227dc     libucrt:mbrtowc.obj
 0002:000097dc       $unwind$?getSystemCP@@YAHH@Z 00000001400227dc     libucrt:mbctype.obj
 0002:000097e4       $unwind$?update_thread_multibyte_data_internal@@YAPEAU__crt_multibyte_data@@QEAU__acrt_ptd@@QEAPEAU1@@Z 00000001400227e4     libucrt:mbctype.obj
 0002:0000980c       $unwind$?setmbcp_internal@@YAHH_NQEAU__acrt_ptd@@QEAPEAU__crt_multibyte_data@@@Z 000000014002280c     libucrt:mbctype.obj
 0002:00009824       $unwind$?setSBUpLow@@YAXPEAU__crt_multibyte_data@@@Z 0000000140022824     libucrt:mbctype.obj
 0002:00009840       $unwind$??$?RV<lambda_efdfa57d1f175319df784efa44bb7b81>@@AEAV<lambda_5f0a4c1567f8adc6734073e5d1e1b35c>@@V<lambda_2e8a7d3640ea6ccb4c2413664c2db6fd>@@@?$__crt_seh_guarded_call@X@@QEAAX$$QEAV<lambda_efdfa57d1f175319df784efa44bb7b81>@@AEAV<lambda_5f0a4c1567f8adc6734073e5d1e1b35c>@@$$QEAV<lambda_2e8a7d3640ea6ccb4c2413664c2db6fd>@@@Z 0000000140022840     libucrt:mbctype.obj
 0002:00009864       $unwind$?x_ismbbtype_l@@YAHPEAU__crt_locale_pointers@@IHH@Z 0000000140022864     libucrt:ismbbyte.obj
 0002:00009874       $unwind$__acrt_WideCharToMultiByte 0000000140022874     libucrt:widechartomultibyte.obj
 0002:00009880       $unwind$__acrt_lowio_destroy_handle_array 0000000140022880     libucrt:osfinfo.obj
 0002:00009890       $unwind$__acrt_lowio_ensure_fh_exists 0000000140022890     libucrt:osfinfo.obj
 0002:000098bc       $unwind$__acrt_initialize_lowio 00000001400228bc     libucrt:ioinit.obj
 0002:000098dc       $unwind$?initialize_inherited_file_handles_nolock@@YAXXZ 00000001400228dc     libucrt:ioinit.obj
 0002:000098f8       $unwind$__acrt_locale_free_monetary 00000001400228f8     libucrt:initmon.obj
 0002:00009900       $unwind$__acrt_locale_free_time 0000000140022900     libucrt:inittime.obj
 0002:00009910       $unwind$__acrt_GetStringTypeA 0000000140022910     libucrt:getstringtypea.obj
 0002:00009938       $unwind$__acrt_update_thread_locale_data 0000000140022938     libucrt:locale_refcounting.obj
 0002:0000995c       $unwind$__acrt_initialize_winapi_thunks 000000014002295c     libucrt:winapi_thunks.obj
 0002:00009964       $unwind$__acrt_LCMapStringEx 0000000140022964     libucrt:winapi_thunks.obj
 0002:00009978       $unwind$_query_new_handler 0000000140022978     libucrt:new_handler.obj
 0002:00009998       $unwind$raise              0000000140022998     libucrt:signal.obj
 0002:000099d8       $unwind$??$?RV<lambda_450d765d439847d4c735a33c368b5fc0>@@AEAV<lambda_44731a7d0e6d81c3e6aa82d741081786>@@V<lambda_601a2a7da3b7a96e9554ac7215c4b07c>@@@?$__crt_seh_guarded_call@P6AXH@Z@@QEAAP6AXH@Z$$QEAV<lambda_450d765d439847d4c735a33c368b5fc0>@@AEAV<lambda_44731a7d0e6d81c3e6aa82d741081786>@@$$QEAV<lambda_601a2a7da3b7a96e9554ac7215c4b07c>@@@Z 00000001400229d8     libucrt:signal.obj
 0002:000099fc       $unwind$fclose             00000001400229fc     libucrt:fclose.obj
 0002:000099fc       $unwind$_fflush_nolock     00000001400229fc     libucrt:fflush.obj
 0002:00009a0c       $unwind$?common_flush_all@@YAH_N@Z 0000000140022a0c     libucrt:fflush.obj
 0002:00009a14       $unwind$??$?RV<lambda_842d9ff0dc9ef11c61343bbaebe7f885>@@AEAV<lambda_c5860995281e5c4ce005b3de8f5874ee>@@V<lambda_d90129c13df834fdcbf8d2b88dafcf2d>@@@?$__crt_seh_guarded_call@X@@QEAAX$$QEAV<lambda_842d9ff0dc9ef11c61343bbaebe7f885>@@AEAV<lambda_c5860995281e5c4ce005b3de8f5874ee>@@$$QEAV<lambda_d90129c13df834fdcbf8d2b88dafcf2d>@@@Z 0000000140022a14     libucrt:fflush.obj
 0002:00009a38       $unwind$??$?RV<lambda_886d6c58226a84441f68b9f2b8217b83>@@AEAV<lambda_ab61a845afdef5b7c387490eaf3616ee>@@V<lambda_f7f22ab5edc0698d5f6905b0d3f44752>@@@?$__crt_seh_guarded_call@X@@QEAAX$$QEAV<lambda_886d6c58226a84441f68b9f2b8217b83>@@AEAV<lambda_ab61a845afdef5b7c387490eaf3616ee>@@$$QEAV<lambda_f7f22ab5edc0698d5f6905b0d3f44752>@@@Z 0000000140022a38     libucrt:fflush.obj
 0002:00009a60       $xdatasym                  0000000140022a60     libucrt:fpsr.obj
 0002:00009a68       $unwind$_raise_exc         0000000140022a68     libucrt:fpexcept.obj
 0002:00009a68       $unwind$_raise_excf        0000000140022a68     libucrt:fpexcept.obj
 0002:00009a70       $unwind$_raise_exc_ex      0000000140022a70     libucrt:fpexcept.obj
 0002:00009a84       $unwind$qsort              0000000140022a84     libucrt:qsort.obj
 0002:00009a9c       $chain$4$qsort             0000000140022a9c     libucrt:qsort.obj
 0002:00009ac0       $chain$5$qsort             0000000140022ac0     libucrt:qsort.obj
 0002:00009ad0       $unwind$strpbrk            0000000140022ad0     libucrt:strpbrk.obj
 0002:00009ae0       $unwind$fallbackMethod     0000000140022ae0     libucrt:strpbrk.obj
 0002:00009af0       $unwind$_mbsdec_l          0000000140022af0     libucrt:mbsdec.obj
 0002:00009afc       $unwind$__acrt_LCMapStringA 0000000140022afc     libucrt:lcmapstringa.obj
 0002:00009b0c       $unwind$?__acrt_LCMapStringA_stat@@YAHPEAU__crt_locale_pointers@@PEB_WKPEBDHPEADHHH@Z 0000000140022b0c     libucrt:lcmapstringa.obj
 0002:00009b34       $unwind$_commit            0000000140022b34     libucrt:commit.obj
 0002:00009b3c       $unwind$??$?RV<lambda_a37b2b86f63e897a80ea819b0eb08c01>@@AEAV<lambda_38ce7e780aa69e748d6df282ebc68efe>@@V<lambda_99fb1378e971ab6e7edea83e3a7a83a2>@@@?$__crt_seh_guarded_call@H@@QEAAH$$QEAV<lambda_a37b2b86f63e897a80ea819b0eb08c01>@@AEAV<lambda_38ce7e780aa69e748d6df282ebc68efe>@@$$QEAV<lambda_99fb1378e971ab6e7edea83e3a7a83a2>@@@Z 0000000140022b3c     libucrt:commit.obj
 0002:00009b60       $unwind$_write_nolock      0000000140022b60     libucrt:write.obj
 0002:00009b78       $unwind$_write_internal    0000000140022b78     libucrt:write.obj
 0002:00009ba4       $unwind$_write_internal$fin$0 0000000140022ba4     libucrt:write.obj
 0002:00009ba4       $unwind$?fin$0@?0??_fclose_internal@@YAHQEAU_iobuf@@AEAV__crt_cached_ptd_host@@@Z@4HA 0000000140022ba4     libucrt:fclose.obj
 0002:00009bac       $unwind$?write_double_translated_ansi_nolock@@YA?AUwrite_result@?A0x17268360@@HQEBDIAEAV__crt_cached_ptd_host@@@Z 0000000140022bac     libucrt:write.obj
 0002:00009bd8       $ip2state$?write_double_translated_ansi_nolock@@YA?AUwrite_result@?A0x17268360@@HQEBDIAEAV__crt_cached_ptd_host@@@Z 0000000140022bd8     libucrt:write.obj
 0002:00009be0       $unwind$?write_text_ansi_nolock@@YA?AUwrite_result@?A0x17268360@@HQEBDI@Z 0000000140022be0     libucrt:write.obj
 0002:00009be0       $unwind$?write_text_utf16le_nolock@@YA?AUwrite_result@?A0x17268360@@HQEBDI@Z 0000000140022be0     libucrt:write.obj
 0002:00009c00       $unwind$?write_text_utf8_nolock@@YA?AUwrite_result@?A0x17268360@@HQEBDI@Z 0000000140022c00     libucrt:write.obj
 0002:00009c24       $unwind$_fcloseall         0000000140022c24     libucrt:closeall.obj
 0002:00009c48       $unwind$?__mbsrtowcs_utf8@__crt_mbstring@@YA_KPEA_WPEAPEBD_KPEAU_Mbstatet@@AEAV__crt_cached_ptd_host@@@Z 0000000140022c48     libucrt:mbrtowc.obj
 0002:00009c60       $unwind$_putwch_nolock     0000000140022c60     libucrt:putwch.obj
 0002:00009c68       $unwind$?_fclose_nolock_internal@@YAHQEAU_iobuf@@AEAV__crt_cached_ptd_host@@@Z 0000000140022c68     libucrt:fclose.obj
 0002:00009c78       $unwind$?_fclose_internal@@YAHQEAU_iobuf@@AEAV__crt_cached_ptd_host@@@Z 0000000140022c78     libucrt:fclose.obj
 0002:00009ca0       $xdatasym                  0000000140022ca0     libucrt:log10.obj
 0002:00009cac       $unwind$?__mbrtoc32_utf8@__crt_mbstring@@YA_KPEA_UPEBD_KPEAU_Mbstatet@@AEAV__crt_cached_ptd_host@@@Z 0000000140022cac     libucrt:mbrtoc32.obj
 0002:00009cc8       $unwind$_close_internal    0000000140022cc8     libucrt:close.obj
 0002:00009cd0       $unwind$??$?RV<lambda_ad8af0d99a0adf03d037d7dffe354bb5>@@AEAV<lambda_c9ba49e555ba839a7b07aa3fbecb7617>@@V<lambda_2f1ebd5d68526518146ae959c9e734c8>@@@?$__crt_seh_guarded_call@H@@QEAAH$$QEAV<lambda_ad8af0d99a0adf03d037d7dffe354bb5>@@AEAV<lambda_c9ba49e555ba839a7b07aa3fbecb7617>@@$$QEAV<lambda_2f1ebd5d68526518146ae959c9e734c8>@@@Z 0000000140022cd0     libucrt:close.obj
 0002:00009cf4       $unwind$_log_special_common 0000000140022cf4     libucrt:log_special.obj
 0002:00009d00       $unwind$_IsNonwritableInCurrentImage 0000000140022d00     LIBCMT:pesect.obj
 0002:0000a1a6       .idata$6                   00000001400231a6     user32:USER32.dll
 0002:0000a1c2       .idata$6                   00000001400231c2     gdi32:GDI32.dll
 0002:0000a36e       .idata$6                   000000014002336e     kernel32:KERNEL32.dll
 0003:00000000       ?Pi32@@3MA                 0000000140024000     win32_graphics.obj
 0003:000000b0       ?__vcrt_flsindex@@3KA      00000001400240b0     libvcruntime:per_thread_data.obj
 0003:000000d0       ?dazSupported@?1??_ctrlfp@@9@9 00000001400240d0     libucrt:fpctrl.obj
 0003:000000e0       ?__acrt_flsindex@@3KA      00000001400240e0     libucrt:per_thread_data.obj
 0003:000000e4       ?errno_no_memory@@3HA      00000001400240e4     libucrt:errno.obj
 0003:000000e8       ?doserrno_no_memory@@3KA   00000001400240e8     libucrt:errno.obj
 0003:00000320       _mbctypes                  0000000140024320     libucrt:mbctype.obj
 0003:00000430       _mbcasemaps                0000000140024430     libucrt:mbctype.obj
 0003:00000530       ?__rgctypeflag@@3PADA      0000000140024530     libucrt:mbctype.obj
 0003:00000540       ?__rgcode_page_info@@3PAUcode_page_info@@A 0000000140024540     libucrt:mbctype.obj
 0003:00000a60       ?__dcrt_lowio_console_output_handle@@3PEAXEA 0000000140024a60     libucrt:initcon.obj
 0003:00000ae0       ?GlobalState@@3Uglobal_state@@A 0000000140024ae0     win32_graphics.obj
 0003:00000b50       GS_ExceptionRecord         0000000140024b50     LIBCMT:gs_report.obj
 0003:00000bf0       GS_ContextRecord           0000000140024bf0     LIBCMT:gs_report.obj
 0003:000010d0       ?is_initialized_as_dll@@3_NA 00000001400250d0     LIBCMT:utility.obj
 0003:000010d1       ?module_local_atexit_table_initialized@@3_NA 00000001400250d1     LIBCMT:utility.obj
 0003:000010d8       ?module_local_atexit_table@@3U_onexit_table_t@@A 00000001400250d8     LIBCMT:utility.obj
 0003:000010f0       ?module_local_at_quick_exit_table@@3U_onexit_table_t@@A 00000001400250f0     LIBCMT:utility.obj
 0003:00001140       ?__vcrt_startup_thread_ptd@@3U__vcrt_ptd@@A 0000000140025140     libvcruntime:per_thread_data.obj
 0003:000011c0       __vcrt_lock_table          00000001400251c0     libvcruntime:locks.obj
 0003:000011e8       __vcrt_locks_initialized   00000001400251e8     libvcruntime:locks.obj
 0003:00001230       ?heap@@3V_HeapManager@@A   0000000140025230     libvcruntime:undname.obj
 0003:00001258       ?module_handles@@3PAPEAUHINSTANCE__@@A 0000000140025258     libvcruntime:winapi_downlevel.obj
 0003:00001270       ?function_pointers@@3PAPEAXA 0000000140025270     libvcruntime:winapi_downlevel.obj
 0003:000012a0       ?__acrt_app_type@@3W4_crt_app_type@@A 00000001400252a0     libucrt:report_runtime_error.obj
 0003:000012a8       ?user_matherr@@3V?$dual_state_global@P6AHPEAU_exception@@@Z@__crt_state_management@@A 00000001400252a8     libucrt:matherr.obj
 0003:000012b0       ?program_name@?1???$common_configure_argv@D@@YAHW4_crt_argv_mode@@@Z@4PADA 00000001400252b0     libucrt:argv_parsing.obj
 0003:000013d8       ?empty_string@?1???$common_wincmdln@E@@YAPEAEXZ@4PAEA 00000001400253d8     libucrt:argv_winmain.obj
 0003:000013dc       ?c_termination_complete@@3JA 00000001400253dc     libucrt:exit.obj
 0003:000013e0       ?thread_local_exit_callback_func@@3P6AXPEAXK0@ZEA 00000001400253e0     libucrt:exit.obj
 0003:000013e8       ?c_exit_complete@?1???R<lambda_6e4b09c48022b2350581041d5f6b0c4c>@@QEBA@XZ@4_NA 00000001400253e8     libucrt:exit.obj
 0003:000013f0       ?__acrt_global_new_mode@@3V?$dual_state_global@J@__crt_state_management@@A 00000001400253f0     libucrt:new_mode.obj
 0003:00001430       ?__acrt_invalid_parameter_handler@@3V?$dual_state_global@P6AXPEB_W00I_K@Z@__crt_state_management@@A 0000000140025430     libucrt:invalid_parameter.obj
 0003:00001450       ?fSystemSet@@3HA           0000000140025450     libucrt:mbctype.obj
 0003:00001454       ?initialized@?1??__acrt_initialize_multibyte@@9@4_NA 0000000140025454     libucrt:mbctype.obj
 0003:00001490       ?__acrt_lock_table@@3PAU_RTL_CRITICAL_SECTION@@A 0000000140025490     libucrt:locks.obj
 0003:000016c0       ?__acrt_locks_initialized@@3IA 00000001400256c0     libucrt:locks.obj
 0003:00001ae0       ?module_handles@@3PAPEAUHINSTANCE__@@A 0000000140025ae0     libucrt:winapi_thunks.obj
 0003:00001b90       ?encoded_function_pointers@@3PAPEAXA 0000000140025b90     libucrt:winapi_thunks.obj
 0003:00001c98       ?__acrt_new_handler@@3V?$dual_state_global@P6AH_K@Z@__crt_state_management@@A 0000000140025c98     libucrt:new_handler.obj
 0003:00001ca0       ?ctrlc_action@@3V?$dual_state_global@P6AXH@Z@__crt_state_management@@A 0000000140025ca0     libucrt:signal.obj
 0003:00001ca8       ?ctrlbreak_action@@3V?$dual_state_global@P6AXH@Z@__crt_state_management@@A 0000000140025ca8     libucrt:signal.obj
 0003:00001cb0       ?abort_action@@3V?$dual_state_global@P6AXH@Z@__crt_state_management@@A 0000000140025cb0     libucrt:signal.obj
 0003:00001cb8       ?term_action@@3V?$dual_state_global@P6AXH@Z@__crt_state_management@@A 0000000140025cb8     libucrt:signal.obj
 0003:00001ce0       ?internal_state@?1??_mbtowc_internal@@9@4U_Mbstatet@@A 0000000140025ce0     libucrt:mbtowc.obj
 0003:00001ce8       ?internal_pst@?1??__mbrtoc32_utf8@__crt_mbstring@@YA_KPEA_UPEBD_KPEAU_Mbstatet@@AEAV__crt_cached_ptd_host@@@Z@4U3@A 0000000140025ce8     libucrt:mbrtoc32.obj
 0005:00000000       MoveSmall                  0000000140028000     libvcruntime:memcpy_avx_ermsb_aligned.obj
 0005:00000040       MoveSmallYmm               0000000140028040     libvcruntime:memcpy_avx_ermsb_aligned.obj
 0005:00000064       MoveSmallYmmNT             0000000140028064     libvcruntime:memcpy_avx_ermsb_aligned.obj
 0005:00000090       MoveSmall                  0000000140028090     libvcruntime:memcpy_avx_ermsb_aligned_amd.obj
 0005:000000d0       MoveSmallYmm               00000001400280d0     libvcruntime:memcpy_avx_ermsb_aligned_amd.obj
 0005:000000f4       MoveSmallYmmNT             00000001400280f4     libvcruntime:memcpy_avx_ermsb_aligned_amd.obj
 0005:00000120       MoveSmall                  0000000140028120     libvcruntime:memcpy_sse2_ermsb_aligned.obj
 0005:00000160       MoveSmallXmm               0000000140028160     libvcruntime:memcpy_sse2_ermsb_aligned.obj
 0005:00000190       MoveSmall                  0000000140028190     libvcruntime:memcpy_sse2_ermsb_aligned_amd.obj
 0005:000001d0       MoveSmallXmm               00000001400281d0     libvcruntime:memcpy_sse2_ermsb_aligned_amd.obj
